Component: ARM Compiler 5.06 update 6 (build 750) Tool: armlink [4d35ed]

==============================================================================

Section Cross References

    startup_stm32f10x_xl.o(STACK) refers (Special) to heapauxi.o(.text) for __use_two_region_memory
    startup_stm32f10x_xl.o(HEAP) refers (Special) to heapauxi.o(.text) for __use_two_region_memory
    startup_stm32f10x_xl.o(RESET) refers (Special) to heapauxi.o(.text) for __use_two_region_memory
    startup_stm32f10x_xl.o(RESET) refers to startup_stm32f10x_xl.o(STACK) for __initial_sp
    startup_stm32f10x_xl.o(RESET) refers to startup_stm32f10x_xl.o(.text) for Reset_Handler
    startup_stm32f10x_xl.o(RESET) refers to main.o(i.SysTick_Handler) for SysTick_Handler
    startup_stm32f10x_xl.o(RESET) refers to main.o(i.I2C1_EV_IRQHandler) for I2C1_EV_IRQHandler
    startup_stm32f10x_xl.o(RESET) refers to main.o(i.I2C1_ER_IRQHandler) for I2C1_ER_IRQHandler
    startup_stm32f10x_xl.o(.text) refers (Special) to heapauxi.o(.text) for __use_two_region_memory
    startup_stm32f10x_xl.o(.text) refers to system_stm32f10x.o(i.SystemInit) for SystemInit
    startup_stm32f10x_xl.o(.text) refers to __main.o(!!!main) for __main
    startup_stm32f10x_xl.o(.text) refers to startup_stm32f10x_xl.o(HEAP) for Heap_Mem
    startup_stm32f10x_xl.o(.text) refers to startup_stm32f10x_xl.o(STACK) for Stack_Mem
    system_stm32f10x.o(i.SetSysClock) refers to system_stm32f10x.o(i.SetSysClockTo72) for SetSysClockTo72
    system_stm32f10x.o(i.SystemCoreClockUpdate) refers to system_stm32f10x.o(.data) for SystemCoreClock
    system_stm32f10x.o(i.SystemInit) refers to system_stm32f10x.o(i.SetSysClock) for SetSysClock
    main.o(i.AK8963_CALIB) refers to main.o(i.RESET_MATRIX) for RESET_MATRIX
    main.o(i.AK8963_CALIB) refers to main.o(i.GET_PARAM) for GET_PARAM
    main.o(i.AK8963_CALIB) refers to dfix.o(x$fpl$dfix) for __aeabi_d2iz
    main.o(i.AK8963_CALIB) refers to main.o(i.IS_IT_MAXIMUM) for IS_IT_MAXIMUM
    main.o(i.AK8963_CALIB) refers to main.o(i.IS_IT_MINIMUM) for IS_IT_MINIMUM
    main.o(i.AK8963_CALIB) refers to dflt_clz.o(x$fpl$dflt) for __aeabi_i2d
    main.o(i.AK8963_CALIB) refers to main.o(.data) for i
    main.o(i.DATA_SPLITTING) refers to dmul.o(x$fpl$dmul) for __aeabi_dmul
    main.o(i.DATA_SPLITTING) refers to dfix.o(x$fpl$dfix) for __aeabi_d2iz
    main.o(i.DATA_SPLITTING) refers to main.o(.data) for Nx
    main.o(i.DATA_SPLITTING) refers to main.o(.bss) for data_i2c_out
    main.o(i.GET_PARAM) refers to main.o(i.SPI_GET_PARAM) for SPI_GET_PARAM
    main.o(i.GET_PARAM) refers to dflt_clz.o(x$fpl$dflt) for __aeabi_i2d
    main.o(i.GET_PARAM) refers to dmul.o(x$fpl$dmul) for __aeabi_dmul
    main.o(i.GET_PARAM) refers to daddsub_clz.o(x$fpl$dsub) for __aeabi_dsub
    main.o(i.GET_PARAM) refers to daddsub_clz.o(x$fpl$dadd) for __aeabi_dadd
    main.o(i.GET_PARAM) refers to main.o(i.SPI_SET_PARAM_8BIT) for SPI_SET_PARAM_8BIT
    main.o(i.GET_PARAM) refers to dfix.o(x$fpl$dfix) for __aeabi_d2iz
    main.o(i.GET_PARAM) refers to main.o(.data) for kalm_k
    main.o(i.GET_QUATERNION) refers to dmul.o(x$fpl$dmul) for __aeabi_dmul
    main.o(i.GET_QUATERNION) refers to ddiv.o(x$fpl$ddiv) for __aeabi_ddiv
    main.o(i.GET_QUATERNION) refers to cos.o(i.cos) for cos
    main.o(i.GET_QUATERNION) refers to sin.o(i.sin) for sin
    main.o(i.GET_QUATERNION) refers to daddsub_clz.o(x$fpl$dsub) for __aeabi_dsub
    main.o(i.GET_QUATERNION) refers to daddsub_clz.o(x$fpl$dadd) for __aeabi_dadd
    main.o(i.GET_QUATERNION) refers to main.o(.data) for x0
    main.o(i.I2C1_ER_IRQHandler) refers to main.o(i.RESTART_I2C) for RESTART_I2C
    main.o(i.I2C1_ER_IRQHandler) refers to main.o(.data) for n_byte_i2c
    main.o(i.I2C1_EV_IRQHandler) refers to main.o(i.RESTART_I2C) for RESTART_I2C
    main.o(i.I2C1_EV_IRQHandler) refers to main.o(.bss) for data_i2c_out
    main.o(i.I2C1_EV_IRQHandler) refers to main.o(.data) for n_byte_i2c
    main.o(i.I2C_Init) refers to main.o(i.NVIC_EnableIRQ) for NVIC_EnableIRQ
    main.o(i.MPU9250_SPI_INIT) refers to main.o(i.SPI_SET_PARAM_8BIT) for SPI_SET_PARAM_8BIT
    main.o(i.MPU9250_SPI_INIT) refers to main.o(i.SPI_SET_PARAM_16BIT) for SPI_SET_PARAM_16BIT
    main.o(i.MPU9250_SPI_INIT) refers to main.o(i.SPI_GET_PARAM) for SPI_GET_PARAM
    main.o(i.MPU9250_SPI_INIT) refers to dflt_clz.o(x$fpl$dflt) for __aeabi_i2d
    main.o(i.MPU9250_SPI_INIT) refers to ddiv.o(x$fpl$ddiv) for __aeabi_ddiv
    main.o(i.MPU9250_SPI_INIT) refers to dfix.o(x$fpl$dfix) for __aeabi_d2iz
    main.o(i.MPU9250_SPI_INIT) refers to main.o(.data) for i
    main.o(i.RESTART_I2C) refers to main.o(.data) for n_byte_i2c
    main.o(i.SPI_GET_PARAM) refers to main.o(.data) for spi_receive
    main.o(i.SPI_SET_PARAM_16BIT) refers to main.o(.data) for spi_receive
    main.o(i.SPI_SET_PARAM_8BIT) refers to main.o(.data) for spi_receive
    main.o(i.SysTick_Handler) refers to main.o(.data) for n_byte_i2c
[...]
    __rtentry.o(.ARM.Collect$$rtentry$$00000000) refers (Special) to __rtentry2.o(.ARM.Collect$$rtentry$$00000002) for __rt_entry_presh_1
    __rtentry.o(.ARM.Collect$$rtentry$$00000000) refers (Special) to __rtentry4.o(.ARM.Collect$$rtentry$$00000004) for __rt_entry_sh
    _rserrno.o(.text) refers to rt_errno_addr_intlibspace.o(.text) for __aeabi_errno_addr
    dcmpi.o(x$fpl$dcmpinf) refers (Special) to usenofp.o(x$fpl$usenofp) for __I$use$fp
    dnaninf.o(x$fpl$dnaninf) refers (Special) to usenofp.o(x$fpl$usenofp) for __I$use$fp
    dretinf.o(x$fpl$dretinf) refers (Special) to usenofp.o(x$fpl$usenofp) for __I$use$fp
    dsqrt_noumaal.o(x$fpl$dsqrt) refers (Special) to usenofp.o(x$fpl$usenofp) for __I$use$fp
    dsqrt_noumaal.o(x$fpl$dsqrt) refers to dnaninf.o(x$fpl$dnaninf) for __fpl_dnaninf
    scalbn.o(x$fpl$scalbn) refers (Special) to usenofp.o(x$fpl$usenofp) for __I$use$fp
    scalbn.o(x$fpl$scalbn) refers to dcheck1.o(x$fpl$dcheck1) for __fpl_dcheck_NaN1
    atan.o(i.__softfp_atan) refers (Special) to usenofp.o(x$fpl$usenofp) for __I$use$fp
    atan.o(i.__softfp_atan) refers to atan.o(i.atan) for atan
    atan.o(i.atan) refers (Special) to usenofp.o(x$fpl$usenofp) for __I$use$fp
    atan.o(i.atan) refers to dunder.o(i.__mathlib_dbl_infnan) for __mathlib_dbl_infnan
    atan.o(i.atan) refers to fpclassify.o(i.__ARM_fpclassify) for __ARM_fpclassify
    atan.o(i.atan) refers to dunder.o(i.__mathlib_dbl_underflow) for __mathlib_dbl_underflow
    atan.o(i.atan) refers to daddsub_clz.o(x$fpl$dadd) for __aeabi_dadd
    atan.o(i.atan) refers to scalbn.o(x$fpl$scalbn) for __ARM_scalbn
    atan.o(i.atan) refers to daddsub_clz.o(x$fpl$dsub) for __aeabi_dsub
    atan.o(i.atan) refers to ddiv.o(x$fpl$ddiv) for __aeabi_ddiv
    atan.o(i.atan) refers to dmul.o(x$fpl$dmul) for __aeabi_dmul
    atan.o(i.atan) refers to poly.o(i.__kernel_poly) for __kernel_poly
    atan.o(i.atan) refers to daddsub_clz.o(x$fpl$drsb) for __aeabi_drsub
    atan.o(i.atan) refers to atan.o(.constdata) for .constdata
    atan.o(.constdata) refers (Special) to usenofp.o(x$fpl$usenofp) for __I$use$fp
    atan_x.o(i.____softfp_atan$lsc) refers (Special) to usenofp.o(x$fpl$usenofp) for __I$use$fp
    atan_x.o(i.____softfp_atan$lsc) refers to atan_x.o(i.__atan$lsc) for __atan$lsc
    atan_x.o(i.__atan$lsc) refers (Special) to usenofp.o(x$fpl$usenofp) for __I$use$fp
    atan_x.o(i.__atan$lsc) refers to dunder.o(i.__mathlib_dbl_infnan) for __mathlib_dbl_infnan
    atan_x.o(i.__atan$lsc) refers to daddsub_clz.o(x$fpl$dadd) for __aeabi_dadd
    atan_x.o(i.__atan$lsc) refers to scalbn.o(x$fpl$scalbn) for __ARM_scalbn
    atan_x.o(i.__atan$lsc) refers to daddsub_clz.o(x$fpl$dsub) for __aeabi_dsub
    atan_x.o(i.__atan$lsc) refers to ddiv.o(x$fpl$ddiv) for __aeabi_ddiv
    atan_x.o(i.__atan$lsc) refers to dmul.o(x$fpl$dmul) for __aeabi_dmul
    atan_x.o(i.__atan$lsc) refers to poly.o(i.__kernel_poly) for __kernel_poly
    atan_x.o(i.__atan$lsc) refers to daddsub_clz.o(x$fpl$drsb) for __aeabi_drsub
    atan_x.o(i.__atan$lsc) refers to atan_x.o(.constdata) for .constdata
    atan_x.o(.constdata) refers (Special) to usenofp.o(x$fpl$usenofp) for __I$use$fp
    cos_i.o(i.__kernel_cos) refers (Special) to usenofp.o(x$fpl$usenofp) for __I$use$fp
    cos_i.o(i.__kernel_cos) refers to dfix.o(x$fpl$dfix) for __aeabi_d2iz
    cos_i.o(i.__kernel_cos) refers to dmul.o(x$fpl$dmul) for __aeabi_dmul
    cos_i.o(i.__kernel_cos) refers to poly.o(i.__kernel_poly) for __kernel_poly
    cos_i.o(i.__kernel_cos) refers to daddsub_clz.o(x$fpl$dsub) for __aeabi_dsub
    cos_i.o(i.__kernel_cos) refers to scalbn.o(x$fpl$scalbn) for __ARM_scalbn
    cos_i.o(i.__kernel_cos) refers to daddsub_clz.o(x$fpl$drsb) for __aeabi_drsub
    cos_i.o(i.__kernel_cos) refers to cos_i.o(.constdata) for .constdata
    cos_i.o(.constdata) refers (Special) to usenofp.o(x$fpl$usenofp) for __I$use$fp
    dunder.o(i.__mathlib_dbl_divzero) refers to ddiv.o(x$fpl$ddiv) for __aeabi_ddiv
    dunder.o(i.__mathlib_dbl_infnan) refers to scalbn.o(x$fpl$scalbn) for __ARM_scalbn
    dunder.o(i.__mathlib_dbl_infnan2) refers to daddsub_clz.o(x$fpl$dadd) for __aeabi_dadd
    dunder.o(i.__mathlib_dbl_invalid) refers to ddiv.o(x$fpl$ddiv) for __aeabi_ddiv
    dunder.o(i.__mathlib_dbl_overflow) refers to scalbn.o(x$fpl$scalbn) for __ARM_scalbn
    dunder.o(i.__mathlib_dbl_posinfnan) refers to dmul.o(x$fpl$dmul) for __aeabi_dmul
    dunder.o(i.__mathlib_dbl_underflow) refers to scalbn.o(x$fpl$scalbn) for __ARM_scalbn
    fpclassify.o(i.__ARM_fpclassify) refers (Special) to usenofp.o(x$fpl$usenofp) for __I$use$fp
    poly.o(i.__kernel_poly) refers (Special) to usenofp.o(x$fpl$usenofp) for __I$use$fp
    poly.o(i.__kernel_poly) refers to dmul.o(x$fpl$dmul) for __aeabi_dmul
    poly.o(i.__kernel_poly) refers to daddsub_clz.o(x$fpl$dadd) for __aeabi_dadd
    qnan.o(.constdata) refers (Special) to usenofp.o(x$fpl$usenofp) for __I$use$fp
    rred.o(i.__ieee754_rem_pio2) refers (Special) to usenofp.o(x$fpl$usenofp) for __I$use$fp
    rred.o(i.__ieee754_rem_pio2) refers to daddsub_clz.o(x$fpl$dsub) for __aeabi_dsub
    rred.o(i.__ieee754_rem_pio2) refers to daddsub_clz.o(x$fpl$dadd) for __aeabi_dadd
    rred.o(i.__ieee754_rem_pio2) refers to dmul.o(x$fpl$dmul) for __aeabi_dmul
    rred.o(i.__ieee754_rem_pio2) refers to dfix.o(x$fpl$dfix) for __aeabi_d2iz
    rred.o(i.__ieee754_rem_pio2) refers to dflt_clz.o(x$fpl$dflt) for __aeabi_i2d
    rred.o(i.__ieee754_rem_pio2) refers to daddsub_clz.o(x$fpl$drsb) for __aeabi_drsub
    rred.o(i.__ieee754_rem_pio2) refers to dflt_clz.o(x$fpl$dfltu) for __aeabi_ui2d
    rred.o(i.__ieee754_rem_pio2) refers to scalbn.o(x$fpl$scalbn) for __ARM_scalbn
    rred.o(i.__ieee754_rem_pio2) refers to rred.o(.constdata) for .constdata
    rred.o(i.__use_accurate_range_reduction) refers (Special) to usenofp.o(x$fpl$usenofp) for __I$use$fp
    rred.o(.constdata) refers (Special) to usenofp.o(x$fpl$usenofp) for __I$use$fp
    sin_i.o(i.__kernel_sin) refers (Special) to usenofp.o(x$fpl$usenofp) for __I$use$fp
    sin_i.o(i.__kernel_sin) refers to fpclassify.o(i.__ARM_fpclassify) for __ARM_fpclassify
    sin_i.o(i.__kernel_sin) refers to dunder.o(i.__mathlib_dbl_underflow) for __mathlib_dbl_underflow
    sin_i.o(i.__kernel_sin) refers to dmul.o(x$fpl$dmul) for __aeabi_dmul
    sin_i.o(i.__kernel_sin) refers to poly.o(i.__kernel_poly) for __kernel_poly
    sin_i.o(i.__kernel_sin) refers to scalbn.o(x$fpl$scalbn) for __ARM_scalbn
    sin_i.o(i.__kernel_sin) refers to daddsub_clz.o(x$fpl$dsub) for __aeabi_dsub
    sin_i.o(i.__kernel_sin) refers to daddsub_clz.o(x$fpl$drsb) for __aeabi_drsub
    sin_i.o(i.__kernel_sin) refers to daddsub_clz.o(x$fpl$dadd) for __aeabi_dadd
    sin_i.o(i.__kernel_sin) refers to sin_i.o(.constdata) for .constdata
    sin_i.o(.constdata) refers (Special) to usenofp.o(x$fpl$usenofp) for __I$use$fp
    sin_i_x.o(i.____kernel_sin$lsc) refers (Special) to usenofp.o(x$fpl$usenofp) for __I$use$fp
    sin_i_x.o(i.____kernel_sin$lsc) refers to dmul.o(x$fpl$dmul) for __aeabi_dmul
    sin_i_x.o(i.____kernel_sin$lsc) refers to poly.o(i.__kernel_poly) for __kernel_poly
    sin_i_x.o(i.____kernel_sin$lsc) refers to scalbn.o(x$fpl$scalbn) for __ARM_scalbn
    sin_i_x.o(i.____kernel_sin$lsc) refers to daddsub_clz.o(x$fpl$dsub) for __aeabi_dsub
    sin_i_x.o(i.____kernel_sin$lsc) refers to daddsub_clz.o(x$fpl$drsb) for __aeabi_drsub
    sin_i_x.o(i.____kernel_sin$lsc) refers to daddsub_clz.o(x$fpl$dadd) for __aeabi_dadd
    sin_i_x.o(i.____kernel_sin$lsc) refers to sin_i_x.o(.constdata) for .constdata
    sin_i_x.o(.constdata) refers (Special) to usenofp.o(x$fpl$usenofp) for __I$use$fp
    __rtentry2.o(.ARM.Collect$$rtentry$$00000008) refers to boardinit2.o(.text) for _platform_post_stackheap_init
    __rtentry2.o(.ARM.Collect$$rtentry$$0000000A) refers to libinit.o(.ARM.Collect$$libinit$$00000000) for __rt_lib_init
    __rtentry2.o(.ARM.Collect$$rtentry$$0000000B) refers to boardinit3.o(.text) for _platform_post_lib_init
    __rtentry2.o(.ARM.Collect$$rtentry$$0000000D) refers to main.o(i.main) for main
    __rtentry2.o(.ARM.Collect$$rtentry$$0000000D) refers to exit.o(.text) for exit
    __rtentry2.o(.ARM.exidx) refers to __rtentry2.o(.ARM.Collect$$rtentry$$00000001) for .ARM.Collect$$rtentry$$00000001
    __rtentry2.o(.ARM.exidx) refers to __rtentry2.o(.ARM.Collect$$rtentry$$00000008) for .ARM.Collect$$rtentry$$00000008
    __rtentry2.o(.ARM.exidx) refers to __rtentry2.o(.ARM.Collect$$rtentry$$0000000A) for .ARM.Collect$$rtentry$$0000000A
    __rtentry2.o(.ARM.exidx) refers to __rtentry2.o(.ARM.Collect$$rtentry$$0000000B) for .ARM.Collect$$rtentry$$0000000B
    __rtentry2.o(.ARM.exidx) refers to __rtentry2.o(.ARM.Collect$$rtentry$$0000000D) for .ARM.Collect$$rtentry$$0000000D
    __rtentry4.o(.ARM.Collect$$rtentry$$00000004) refers to sys_stackheap_outer.o(.text) for __user_setup_stackheap
    __rtentry4.o(.ARM.exidx) refers to __rtentry4.o(.ARM.Collect$$rtentry$$00000004) for .ARM.Collect$$rtentry$$00000004
    rt_errno_addr.o(.text) refers to rt_errno_addr.o(.bss) for __aeabi_errno_addr_data
    rt_errno_addr_intlibspace.o(.text) refers to libspace.o(.bss) for __libspace_start
    dcheck1.o(x$fpl$dcheck1) refers (Special) to usenofp.o(x$fpl$usenofp) for __I$use$fp
    dcheck1.o(x$fpl$dcheck1) refers to retnan.o(x$fpl$retnan) for __fpl_return_NaN
    libspace.o(.text) refers to libspace.o(.bss) for __libspace_start
    sys_stackheap_outer.o(.text) refers to libspace.o(.text) for __user_perproc_libspace
    sys_stackheap_outer.o(.text) refers to startup_stm32f10x_xl.o(.text) for __user_initial_stackheap
    exit.o(.text) refers to rtexit.o(.ARM.Collect$$rtexit$$00000000) for __rt_exit
    libinit.o(.ARM.Collect$$libinit$$00000000) refers (Special) to libinit2.o(.ARM.Collect$$libinit$$0000002E) for __rt_lib_init_alloca_1
    libinit.o(.ARM.Collect$$libinit$$00000000) refers (Special) to libinit2.o(.ARM.Collect$$libinit$$0000002C) for __rt_lib_init_argv_1
    libinit.o(.ARM.Collect$$libinit$$00000000) refers (Special) to libinit2.o(.ARM.Collect$$libinit$$0000001B) for __rt_lib_init_atexit_1
    libinit.o(.ARM.Collect$$libinit$$00000000) refers (Special) to libinit2.o(.ARM.Collect$$libinit$$00000021) for __rt_lib_init_clock_1
    libinit.o(.ARM.Collect$$libinit$$00000000) refers (Special) to libinit2.o(.ARM.Collect$$libinit$$00000032) for __rt_lib_init_cpp_1
    libinit.o(.ARM.Collect$$libinit$$00000000) refers (Special) to libinit2.o(.ARM.Collect$$libinit$$00000030) for __rt_lib_init_exceptions_1
    libinit.o(.ARM.Collect$$libinit$$00000000) refers (Special) to libinit2.o(.ARM.Collect$$libinit$$00000002) for __rt_lib_init_fp_1
    libinit.o(.ARM.Collect$$libinit$$00000000) refers (Special) to libinit2.o(.ARM.Collect$$libinit$$0000001F) for __rt_lib_init_fp_trap_1
    libinit.o(.ARM.Collect$$libinit$$00000000) refers (Special) to libinit2.o(.ARM.Collect$$libinit$$00000023) for __rt_lib_init_getenv_1
    libinit.o(.ARM.Collect$$libinit$$00000000) refers (Special) to libinit2.o(.ARM.Collect$$libinit$$0000000A) for __rt_lib_init_heap_1
    libinit.o(.ARM.Collect$$libinit$$00000000) refers (Special) to libinit2.o(.ARM.Collect$$libinit$$00000011) for __rt_lib_init_lc_collate_1
    libinit.o(.ARM.Collect$$libinit$$00000000) refers (Special) to libinit2.o(.ARM.Collect$$libinit$$00000013) for __rt_lib_init_lc_ctype_1
    libinit.o(.ARM.Collect$$libinit$$00000000) refers (Special) to libinit2.o(.ARM.Collect$$libinit$$00000015) for __rt_lib_init_lc_monetary_1
    libinit.o(.ARM.Collect$$libinit$$00000000) refers (Special) to libinit2.o(.ARM.Collect$$libinit$$00000017) for __rt_lib_init_lc_numeric_1
    libinit.o(.ARM.Collect$$libinit$$00000000) refers (Special) to libinit2.o(.ARM.Collect$$libinit$$00000019) for __rt_lib_init_lc_time_1
    libinit.o(.ARM.Collect$$libinit$$00000000) refers (Special) to libinit2.o(.ARM.Collect$$libinit$$00000004) for __rt_lib_init_preinit_1
    libinit.o(.ARM.Collect$$libinit$$00000000) refers (Special) to libinit2.o(.ARM.Collect$$libinit$$0000000E) for __rt_lib_init_rand_1
    libinit.o(.ARM.Collect$$libinit$$00000000) refers (Special) to libinit2.o(.ARM.Collect$$libinit$$00000033) for __rt_lib_init_return
    libinit.o(.ARM.Collect$$libinit$$00000000) refers (Special) to libinit2.o(.ARM.Collect$$libinit$$0000001D) for __rt_lib_init_signal_1
    libinit.o(.ARM.Collect$$libinit$$00000000) refers (Special) to libinit2.o(.ARM.Collect$$libinit$$00000025) for __rt_lib_init_stdio_1
    libinit.o(.ARM.Collect$$libinit$$00000000) refers (Special) to libinit2.o(.ARM.Collect$$libinit$$0000000C) for __rt_lib_init_user_alloc_1
    retnan.o(x$fpl$retnan) refers (Special) to usenofp.o(x$fpl$usenofp) for __I$use$fp
    retnan.o(x$fpl$retnan) refers to trapv.o(x$fpl$trapveneer) for __fpl_cmpreturn
    rtexit.o(.ARM.Collect$$rtexit$$00000000) refers (Special) to rtexit2.o(.ARM.Collect$$rtexit$$00000004) for __rt_exit_exit
    rtexit.o(.ARM.Collect$$rtexit$$00000000) refers (Special) to rtexit2.o(.ARM.Collect$$rtexit$$00000003) for __rt_exit_ls
    rtexit.o(.ARM.Collect$$rtexit$$00000000) refers (Special) to rtexit2.o(.ARM.Collect$$rtexit$$00000002) for __rt_exit_prels_1
    rtexit.o(.ARM.exidx) refers (Special) to rtexit2.o(.ARM.Collect$$rtexit$$00000004) for __rt_exit_exit
    rtexit.o(.ARM.exidx) refers (Special) to rtexit2.o(.ARM.Collect$$rtexit$$00000003) for __rt_exit_ls
    rtexit.o(.ARM.exidx) refers (Special) to rtexit2.o(.ARM.Collect$$rtexit$$00000002) for __rt_exit_prels_1
    rtexit.o(.ARM.exidx) refers to rtexit.o(.ARM.Collect$$rtexit$$00000000) for .ARM.Collect$$rtexit$$00000000
    libinit2.o(.ARM.Collect$$libinit$$00000010) refers to libinit2.o(.ARM.Collect$$libinit$$0000000F) for .ARM.Collect$$libinit$$0000000F
    libinit2.o(.ARM.Collect$$libinit$$00000012) refers to libinit2.o(.ARM.Collect$$libinit$$0000000F) for .ARM.Collect$$libinit$$0000000F
    libinit2.o(.ARM.Collect$$libinit$$00000014) refers to libinit2.o(.ARM.Collect$$libinit$$0000000F) for .ARM.Collect$$libinit$$0000000F
    libinit2.o(.ARM.Collect$$libinit$$00000016) refers to libinit2.o(.ARM.Collect$$libinit$$0000000F) for .ARM.Collect$$libinit$$0000000F
    libinit2.o(.ARM.Collect$$libinit$$00000018) refers to libinit2.o(.ARM.Collect$$libinit$$0000000F) for .ARM.Collect$$libinit$$0000000F
    libinit2.o(.ARM.Collect$$libinit$$00000026) refers to argv_veneer.o(.emb_text) for __ARM_argv_veneer
    libinit2.o(.ARM.Collect$$libinit$$00000027) refers to argv_veneer.o(.emb_text) for __ARM_argv_veneer
    trapv.o(x$fpl$trapveneer) refers (Special) to usenofp.o(x$fpl$usenofp) for __I$use$fp
    rtexit2.o(.ARM.Collect$$rtexit$$00000003) refers to libshutdown.o(.ARM.Collect$$libshutdown$$00000000) for __rt_lib_shutdown
    rtexit2.o(.ARM.Collect$$rtexit$$00000004) refers to sys_exit.o(.text) for _sys_exit
    rtexit2.o(.ARM.exidx) refers to rtexit2.o(.ARM.Collect$$rtexit$$00000001) for .ARM.Collect$$rtexit$$00000001
    rtexit2.o(.ARM.exidx) refers to rtexit2.o(.ARM.Collect$$rtexit$$00000003) for .ARM.Collect$$rtexit$$00000003
    rtexit2.o(.ARM.exidx) refers to rtexit2.o(.ARM.Collect$$rtexit$$00000004) for .ARM.Collect$$rtexit$$00000004
    argv_veneer.o(.emb_text) refers to no_argv.o(.text) for __ARM_get_argv
    sys_exit.o(.text) refers (Special) to use_no_semi.o(.text) for __I$use$semihosting
    sys_exit.o(.text) refers (Special) to indicate_semi.o(.text) for __semihosting_library_function
    _get_argv_nomalloc.o(.text) refers (Special) to hrguard.o(.text) for __heap_region$guard
    _get_argv_nomalloc.o(.text) refers to defsig_rtmem_outer.o(.text) for __rt_SIGRTMEM
    _get_argv_nomalloc.o(.text) refers to sys_command.o(.text) for _sys_command_string
    libshutdown.o(.ARM.Collect$$libshutdown$$00000000) refers (Special) to libshutdown2.o(.ARM.Collect$$libshutdown$$00000002) for __rt_lib_shutdown_cpp_1
    libshutdown.o(.ARM.Collect$$libshutdown$$00000000) refers (Special) to libshutdown2.o(.ARM.Collect$$libshutdown$$00000007) for __rt_lib_shutdown_fp_trap_1
    libshutdown.o(.ARM.Collect$$libshutdown$$00000000) refers (Special) to libshutdown2.o(.ARM.Collect$$libshutdown$$0000000F) for __rt_lib_shutdown_heap_1
    libshutdown.o(.ARM.Collect$$libshutdown$$00000000) refers (Special) to libshutdown2.o(.ARM.Collect$$libshutdown$$00000010) for __rt_lib_shutdown_return
    libshutdown.o(.ARM.Collect$$libshutdown$$00000000) refers (Special) to libshutdown2.o(.ARM.Collect$$libshutdown$$0000000A) for __rt_lib_shutdown_signal_1
    libshutdown.o(.ARM.Collect$$libshutdown$$00000000) refers (Special) to libshutdown2.o(.ARM.Collect$$libshutdown$$00000004) for __rt_lib_shutdown_stdio_1
    libshutdown.o(.ARM.Collect$$libshutdown$$00000000) refers (Special) to libshutdown2.o(.ARM.Collect$$libshutdown$$0000000C) for __rt_lib_shutdown_user_alloc_1
    sys_command.o(.text) refers (Special) to use_no_semi.o(.text) for __I$use$semihosting
    sys_command.o(.text) refers (Special) to indicate_semi.o(.text) for __semihosting_library_function
    defsig_rtmem_outer.o(.text) refers to defsig_rtmem_inner.o(.text) for __rt_SIGRTMEM_inner
    defsig_rtmem_outer.o(.text) refers to defsig_exit.o(.text) for __sig_exit
    defsig_rtmem_formal.o(.text) refers to rt_raise.o(.text) for __rt_raise
    rt_raise.o(.text) refers to __raise.o(.text) for __raise
    rt_raise.o(.text) refers to sys_exit.o(.text) for _sys_exit
    defsig_exit.o(.text) refers to sys_exit.o(.text) for _sys_exit
    defsig_rtmem_inner.o(.text) refers to defsig_general.o(.text) for __default_signal_display
    __raise.o(.text) refers to defsig.o(CL$$defsig) for __default_signal_handler
    defsig_general.o(.text) refers to sys_wrch.o(.text) for _ttywrch
    sys_wrch.o(.text) refers (Special) to use_no_semi.o(.text) for __I$use$semihosting
    sys_wrch.o(.text) refers (Special) to indicate_semi.o(.text) for __semihosting_library_function
    defsig.o(CL$$defsig) refers to defsig_rtmem_inner.o(.text) for __rt_SIGRTMEM_inner
    defsig_abrt_inner.o(.text) refers to defsig_general.o(.text) for __default_signal_display
    defsig_fpe_inner.o(.text) refers to defsig_general.o(.text) for __default_signal_display
    defsig_rtred_inner.o(.text) refers to defsig_general.o(.text) for __default_signal_display
    defsig_stak_inner.o(.text) refers to defsig_general.o(.text) for __default_signal_display
    defsig_pvfn_inner.o(.text) refers to defsig_general.o(.text) for __default_signal_display
    defsig_cppl_inner.o(.text) refers to defsig_general.o(.text) for __default_signal_display
    defsig_segv_inner.o(.text) refers to defsig_general.o(.text) for __default_signal_display
    defsig_other.o(.text) refers to defsig_general.o(.text) for __default_signal_display


==============================================================================

Removing Unused input sections from the image.

    Removing system_stm32f10x.o(i.SystemCoreClockUpdate), (164 bytes).

1 unused section(s) (total 164 bytes) removed from the image.

==============================================================================

Image Symbol Table

    Local Symbols

    Symbol Name                              Value     Ov Type        Size  Object(Section)

    ../clib/angel/boardlib.s                 0x00000000   Number         0  boardinit3.o ABSOLUTE
    ../clib/angel/boardlib.s                 0x00000000   Number         0  boardinit2.o ABSOLUTE
    ../clib/angel/boardlib.s                 0x00000000   Number         0  boardinit1.o ABSOLUTE
    ../clib/angel/boardlib.s                 0x00000000   Number         0  boardshut.o ABSOLUTE
    ../clib/angel/dczerorl2.s                0x00000000   Number         0  __dczerorl2.o ABSOLUTE
    ../clib/angel/handlers.s                 0x00000000   Number         0  __scatter_zi.o ABSOLUTE
    ../clib/angel/kernel.s                   0x00000000   Number         0  rtexit.o ABSOLUTE
    ../clib/angel/kernel.s                   0x00000000   Number         0  rtexit2.o ABSOLUTE
    ../clib/angel/kernel.s                   0x00000000   Number         0  __rtentry.o ABSOLUTE
    ../clib/angel/kernel.s                   0x00000000   Number         0  __rtentry4.o ABSOLUTE
    ../clib/angel/kernel.s                   0x00000000   Number         0  __rtentry2.o ABSOLUTE
    ../clib/angel/rt.s                       0x00000000   Number         0  rt_raise.o ABSOLUTE
    ../clib/angel/rt.s                       0x00000000   Number         0  rt_errno_addr_intlibspace.o ABSOLUTE
    ../clib/angel/rt.s                       0x00000000   Number         0  rt_errno_addr.o ABSOLUTE
    ../clib/angel/scatter.s                  0x00000000   Number         0  __scatter.o ABSOLUTE
    ../clib/angel/startup.s                  0x00000000   Number         0  __main.o ABSOLUTE
    ../clib/angel/sys.s                      0x00000000   Number         0  sys_stackheap_outer.o ABSOLUTE
    ../clib/angel/sys.s                      0x00000000   Number         0  indicate_semi.o ABSOLUTE
    ../clib/angel/sys.s                      0x00000000   Number         0  libspace.o ABSOLUTE
    ../clib/angel/sys.s                      0x00000000   Number         0  use_no_semi.o ABSOLUTE
    ../clib/angel/sysapp.c                   0x00000000   Number         0  sys_exit.o ABSOLUTE
    ../clib/angel/sysapp.c                   0x00000000   Number         0  sys_wrch.o ABSOLUTE
    ../clib/angel/sysapp.c                   0x00000000   Number         0  sys_command.o ABSOLUTE
    ../clib/armsys.c                         0x00000000   Number         0  argv_veneer.o ABSOLUTE
    ../clib/armsys.c                         0x00000000   Number         0  argv_veneer.o ABSOLUTE
    ../clib/armsys.c                         0x00000000   Number         0  _get_argv_nomalloc.o ABSOLUTE
    ../clib/armsys.c                         0x00000000   Number         0  no_argv.o ABSOLUTE
    ../clib/fenv.c                           0x00000000   Number         0  _rserrno.o ABSOLUTE
    ../clib/heapalloc.c                      0x00000000   Number         0  hrguard.o ABSOLUTE
    ../clib/heapaux.c                        0x00000000   Number         0  heapauxi.o ABSOLUTE
    ../clib/libinit.s                        0x00000000   Number         0  libshutdown2.o ABSOLUTE
    ../clib/libinit.s                        0x00000000   Number         0  libinit.o ABSOLUTE
    ../clib/libinit.s                        0x00000000   Number         0  libshutdown.o ABSOLUTE
    ../clib/libinit.s                        0x00000000   Number         0  libinit2.o ABSOLUTE
    ../clib/signal.c                         0x00000000   Number         0  defsig_general.o ABSOLUTE
    ../clib/signal.c                         0x00000000   Number         0  __raise.o ABSOLUTE
    ../clib/signal.c                         0x00000000   Number         0  defsig_rtmem_formal.o ABSOLUTE
    ../clib/signal.c                         0x00000000   Number         0  defsig_exit.o ABSOLUTE
    ../clib/signal.c                         0x00000000   Number         0  defsig_other.o ABSOLUTE
    ../clib/signal.c                         0x00000000   Number         0  defsig_rtmem_outer.o ABSOLUTE
    ../clib/signal.c                         0x00000000   Number         0  defsig_pvfn_inner.o ABSOLUTE
    ../clib/signal.c                         0x00000000   Number         0  defsig_segv_inner.o ABSOLUTE
    ../clib/signal.c                         0x00000000   Number         0  defsig_cppl_inner.o ABSOLUTE
    ../clib/signal.c                         0x00000000   Number         0  defsig_stak_inner.o ABSOLUTE
    ../clib/signal.c                         0x00000000   Number         0  defsig_rtred_inner.o ABSOLUTE
    ../clib/signal.c                         0x00000000   Number         0  defsig_fpe_inner.o ABSOLUTE
    ../clib/signal.c                         0x00000000   Number         0  defsig_abrt_inner.o ABSOLUTE
    ../clib/signal.c                         0x00000000   Number         0  defsig_rtmem_inner.o ABSOLUTE
    ../clib/signal.s                         0x00000000   Number         0  defsig.o ABSOLUTE
    ../clib/stdlib.c                         0x00000000   Number         0  exit.o ABSOLUTE
    ../fplib/daddsub.s                       0x00000000   Number         0  daddsub_clz.o ABSOLUTE
    ../fplib/dcheck1.s                       0x00000000   Number         0  dcheck1.o ABSOLUTE
    ../fplib/dcmpi.s                         0x00000000   Number         0  dcmpi.o ABSOLUTE
    ../fplib/ddiv.s                          0x00000000   Number         0  ddiv.o ABSOLUTE
    ../fplib/dfix.s                          0x00000000   Number         0  dfix.o ABSOLUTE
    ../fplib/dflt.s                          0x00000000   Number         0  dflt_clz.o ABSOLUTE
    ../fplib/dleqf.s                         0x00000000   Number         0  dleqf.o ABSOLUTE
    ../fplib/dmul.s                          0x00000000   Number         0  dmul.o ABSOLUTE
    ../fplib/dnaninf.s                       0x00000000   Number         0  dnaninf.o ABSOLUTE
    ../fplib/dretinf.s                       0x00000000   Number         0  dretinf.o ABSOLUTE
    ../fplib/drleqf.s                        0x00000000   Number         0  drleqf.o ABSOLUTE
    ../fplib/dsqrt.s                         0x00000000   Number         0  dsqrt_noumaal.o ABSOLUTE
    ../fplib/fpinit.s                        0x00000000   Number         0  fpinit.o ABSOLUTE
    ../fplib/retnan.s                        0x00000000   Number         0  retnan.o ABSOLUTE
    ../fplib/scalbn.s                        0x00000000   Number         0  scalbn.o ABSOLUTE
    ../fplib/trapv.s                         0x00000000   Number         0  trapv.o ABSOLUTE
    ../fplib/usenofp.s                       0x00000000   Number         0  usenofp.o ABSOLUTE
    ../mathlib/asin.c                        0x00000000   Number         0  asin.o ABSOLUTE
    ../mathlib/asin.c                        0x00000000   Number         0  asin_x.o ABSOLUTE
    ../mathlib/atan.c                        0x00000000   Number         0  atan_x.o ABSOLUTE
    ../mathlib/atan.c                        0x00000000   Number         0  atan.o ABSOLUTE
    ../mathlib/atan2.c                       0x00000000   Number         0  atan2.o ABSOLUTE
    ../mathlib/atan2.c                       0x00000000   Number         0  atan2_x.o ABSOLUTE
    ../mathlib/cos.c                         0x00000000   Number         0  cos.o ABSOLUTE
    ../mathlib/cos.c                         0x00000000   Number         0  cos_x.o ABSOLUTE
    ../mathlib/cos_i.c                       0x00000000   Number         0  cos_i.o ABSOLUTE
    ../mathlib/dunder.c                      0x00000000   Number         0  dunder.o ABSOLUTE
    ../mathlib/fpclassify.c                  0x00000000   Number         0  fpclassify.o ABSOLUTE
    ../mathlib/poly.c                        0x00000000   Number         0  poly.o ABSOLUTE
    ../mathlib/qnan.c                        0x00000000   Number         0  qnan.o ABSOLUTE
    ../mathlib/rred.c                        0x00000000   Number         0  rred.o ABSOLUTE
    ../mathlib/sin.c                         0x00000000   Number         0  sin.o ABSOLUTE
    ../mathlib/sin.c                         0x00000000   Number         0  sin_x.o ABSOLUTE
    ../mathlib/sin_i.c                       0x00000000   Number         0  sin_i.o ABSOLUTE
    ../mathlib/sin_i.c                       0x00000000   Number         0  sin_i_x.o ABSOLUTE
    ../mathlib/sqrt.c                        0x00000000   Number         0  sqrt.o ABSOLUTE
    ../mathlib/sqrt.c                        0x00000000   Number         0  sqrt_x.o ABSOLUTE
    CMSIS\startup_stm32f10x_xl.s             0x00000000   Number         0  startup_stm32f10x_xl.o ABSOLUTE
    CMSIS\system_stm32f10x.c                 0x00000000   Number         0  system_stm32f10x.o ABSOLUTE
    User\main.c                              0x00000000   Number         0  main.o ABSOLUTE
    dc.s                                     0x00000000   Number         0  dc.o ABSOLUTE
    RESET                                    0x08000000   Section      304  startup_stm32f10x_xl.o(RESET)
    !!!main                                  0x08000130   Section        8  __main.o(!!!main)
    !!!scatter                               0x08000138   Section       52  __scatter.o(!!!scatter)
    !!dczerorl2                              0x0800016c   Section       90  __dczerorl2.o(!!dczerorl2)
    !!handler_zi                             0x080001c8   Section       28  __scatter_zi.o(!!handler_zi)
    .ARM.Collect$$libinit$$00000000          0x080001e4   Section        2  libinit.o(.ARM.Collect$$libinit$$00000000)
    .ARM.Collect$$libinit$$00000002          0x080001e6   Section        0  libinit2.o(.ARM.Collect$$libinit$$00000002)
    .ARM.Collect$$libinit$$00000004          0x080001e6   Section        0  libinit2.o(.ARM.Collect$$libinit$$00000004)
    .ARM.Collect$$libinit$$0000000A          0x080001e6   Section        0  libinit2.o(.ARM.Collect$$libinit$$0000000A)
    .ARM.Collect$$libinit$$0000000C          0x080001e6   Section        0  libinit2.o(.ARM.Collect$$libinit$$0000000C)
    .ARM.Collect$$libinit$$0000000E          0x080001e6   Section        0  libinit2.o(.ARM.Collect$$libinit$$0000000E)
    .ARM.Collect$$libinit$$00000011          0x080001e6   Section        0  libinit2.o(.ARM.Collect$$libinit$$00000011)
    .ARM.Collect$$libinit$$00000013          0x080001e6   Section        0  libinit2.o(.ARM.Collect$$libinit$$00000013)
    .ARM.Collect$$libinit$$00000015          0x080001e6   Section        0  libinit2.o(.ARM.Collect$$libinit$$00000015)
    .ARM.Collect$$libinit$$00000017          0x080001e6   Section        0  libinit2.o(.ARM.Collect$$libinit$$00000017)
    .ARM.Collect$$libinit$$00000019          0x080001e6   Section        0  libinit2.o(.ARM.Collect$$libinit$$00000019)
    .ARM.Collect$$libinit$$0000001B          0x080001e6   Section        0  libinit2.o(.ARM.Collect$$libinit$$0000001B)
    .ARM.Collect$$libinit$$0000001D          0x080001e6   Section        0  libinit2.o(.ARM.Collect$$libinit$$0000001D)
    .ARM.Collect$$libinit$$0000001F          0x080001e6   Section        0  libinit2.o(.ARM.Collect$$libinit$$0000001F)
    .ARM.Collect$$libinit$$00000021          0x080001e6   Section        0  libinit2.o(.ARM.Collect$$libinit$$00000021)
    .ARM.Collect$$libinit$$00000023          0x080001e6   Section        0  libinit2.o(.ARM.Collect$$libinit$$00000023)
    .ARM.Collect$$libinit$$00000025          0x080001e6   Section        0  libinit2.o(.ARM.Collect$$libinit$$00000025)
    .ARM.Collect$$libinit$$0000002C          0x080001e6   Section        0  libinit2.o(.ARM.Collect$$libinit$$0000002C)
    .ARM.Collect$$libinit$$0000002E          0x080001e6   Section        0  libinit2.o(.ARM.Collect$$libinit$$0000002E)
    .ARM.Collect$$libinit$$00000030          0x080001e6   Section        0  libinit2.o(.ARM.Collect$$libinit$$00000030)
    .ARM.Collect$$libinit$$00000032          0x080001e6   Section        0  libinit2.o(.ARM.Collect$$libinit$$00000032)
    .ARM.Collect$$libinit$$00000033          0x080001e6   Section        2  libinit2.o(.ARM.Collect$$libinit$$00000033)
    .ARM.Collect$$libshutdown$$00000000      0x080001e8   Section        2  libshutdown.o(.ARM.Collect$$libshutdown$$00000000)
    .ARM.Collect$$libshutdown$$00000002      0x080001ea   Section        0  libshutdown2.o(.ARM.Collect$$libshutdown$$00000002)
    .ARM.Collect$$libshutdown$$00000004      0x080001ea   Section        0  libshutdown2.o(.ARM.Collect$$libshutdown$$00000004)
    .ARM.Collect$$libshutdown$$00000007      0x080001ea   Section        0  libshutdown2.o(.ARM.Collect$$libshutdown$$00000007)
    .ARM.Collect$$libshutdown$$0000000A      0x080001ea   Section        0  libshutdown2.o(.ARM.Collect$$libshutdown$$0000000A)
    .ARM.Collect$$libshutdown$$0000000C      0x080001ea   Section        0  libshutdown2.o(.ARM.Collect$$libshutdown$$0000000C)
    .ARM.Collect$$libshutdown$$0000000F      0x080001ea   Section        0  libshutdown2.o(.ARM.Collect$$libshutdown$$0000000F)
    .ARM.Collect$$libshutdown$$00000010      0x080001ea   Section        2  libshutdown2.o(.ARM.Collect$$libshutdown$$00000010)
    .ARM.Collect$$rtentry$$00000000          0x080001ec   Section        0  __rtentry.o(.ARM.Collect$$rtentry$$00000000)
    .ARM.Collect$$rtentry$$00000002          0x080001ec   Section        0  __rtentry2.o(.ARM.Collect$$rtentry$$00000002)
    .ARM.Collect$$rtentry$$00000004          0x080001ec   Section        6  __rtentry4.o(.ARM.Collect$$rtentry$$00000004)
    .ARM.Collect$$rtentry$$00000009          0x080001f2   Section        0  __rtentry2.o(.ARM.Collect$$rtentry$$00000009)
    .ARM.Collect$$rtentry$$0000000A          0x080001f2   Section        4  __rtentry2.o(.ARM.Collect$$rtentry$$0000000A)
    .ARM.Collect$$rtentry$$0000000C          0x080001f6   Section        0  __rtentry2.o(.ARM.Collect$$rtentry$$0000000C)
    .ARM.Collect$$rtentry$$0000000D          0x080001f6   Section        8  __rtentry2.o(.ARM.Collect$$rtentry$$0000000D)
    .ARM.Collect$$rtexit$$00000000           0x080001fe   Section        2  rtexit.o(.ARM.Collect$$rtexit$$00000000)
    .ARM.Collect$$rtexit$$00000002           0x08000200   Section        0  rtexit2.o(.ARM.Collect$$rtexit$$00000002)
    .ARM.Collect$$rtexit$$00000003           0x08000200   Section        4  rtexit2.o(.ARM.Collect$$rtexit$$00000003)
    .ARM.Collect$$rtexit$$00000004           0x08000204   Section        6  rtexit2.o(.ARM.Collect$$rtexit$$00000004)
    .text                                    0x0800020c   Section       64  startup_stm32f10x_xl.o(.text)
    .text                                    0x0800024c   Section        0  heapauxi.o(.text)
    .text                                    0x08000252   Section        0  _rserrno.o(.text)
    .text                                    0x08000268   Section        8  rt_errno_addr_intlibspace.o(.text)
    .text                                    0x08000270   Section        8  libspace.o(.text)
    .text                                    0x08000278   Section       74  sys_stackheap_outer.o(.text)
    .text                                    0x080002c2   Section        0  exit.o(.text)
    .text                                    0x080002d4   Section        0  sys_exit.o(.text)
    .text                                    0x080002e0   Section        2  use_no_semi.o(.text)
    .text                                    0x080002e2   Section        0  indicate_semi.o(.text)
    i.AK8963_CALIB                           0x080002e4   Section        0  main.o(i.AK8963_CALIB)
    i.DATA_SPLITTING                         0x0800056c   Section        0  main.o(i.DATA_SPLITTING)
    i.GET_PARAM                              0x08000714   Section        0  main.o(i.GET_PARAM)
    i.GET_QUATERNION                         0x08000ac0   Section        0  main.o(i.GET_QUATERNION)
    i.I2C1_ER_IRQHandler                     0x08000cd0   Section        0  main.o(i.I2C1_ER_IRQHandler)
    i.I2C1_EV_IRQHandler                     0x08000ce4   Section        0  main.o(i.I2C1_EV_IRQHandler)
    i.I2C_ALLOW_ANSWER                       0x08000d60   Section        0  main.o(i.I2C_ALLOW_ANSWER)
    i.I2C_Init                               0x08000d8c   Section        0  main.o(i.I2C_Init)
    i.I2C_RESTRICT_ANSWER                    0x08000e50   Section        0  main.o(i.I2C_RESTRICT_ANSWER)
    i.IS_IT_MAXIMUM                          0x08000e6c   Section        0  main.o(i.IS_IT_MAXIMUM)
    i.IS_IT_MINIMUM                          0x08000eb2   Section        0  main.o(i.IS_IT_MINIMUM)
    i.MPU9250_SPI_INIT                       0x08000ef8   Section        0  main.o(i.MPU9250_SPI_INIT)
    i.NVIC_EnableIRQ                         0x0800120c   Section        0  main.o(i.NVIC_EnableIRQ)
    NVIC_EnableIRQ                           0x0800120d   Thumb Code    22  main.o(i.NVIC_EnableIRQ)
    i.RESET_MATRIX                           0x08001222   Section        0  main.o(i.RESET_MATRIX)
    i.RESTART_I2C                            0x08001238   Section        0  main.o(i.RESTART_I2C)
    i.SPI_GET_PARAM                          0x08001278   Section        0  main.o(i.SPI_GET_PARAM)
    i.SPI_SET_PARAM_16BIT                    0x08001310   Section        0  main.o(i.SPI_SET_PARAM_16BIT)
    i.SPI_SET_PARAM_8BIT                     0x08001394   Section        0  main.o(i.SPI_SET_PARAM_8BIT)
    i.SetSysClock                            0x080013f8   Section        0  system_stm32f10x.o(i.SetSysClock)
    SetSysClock                              0x080013f9   Thumb Code     8  system_stm32f10x.o(i.SetSysClock)
    i.SetSysClockTo72                        0x08001400   Section        0  system_stm32f10x.o(i.SetSysClockTo72)
    SetSysClockTo72                          0x08001401   Thumb Code   214  system_stm32f10x.o(i.SetSysClockTo72)
    i.SysTick_Handler                        0x080014e0   Section        0  main.o(i.SysTick_Handler)
    i.SysTick_Settings                       0x08001538   Section        0  main.o(i.SysTick_Settings)
    i.SystemInit                             0x08001554   Section        0  system_stm32f10x.o(i.SystemInit)
    i.__ARM_fpclassify                       0x080015b4   Section        0  fpclassify.o(i.__ARM_fpclassify)
    i.__ieee754_rem_pio2                     0x080015dc   Section        0  rred.o(i.__ieee754_rem_pio2)
    i.__kernel_cos                           0x08001964   Section        0  cos_i.o(i.__kernel_cos)
    i.__kernel_poly                          0x08001a60   Section        0  poly.o(i.__kernel_poly)
    i.__kernel_sin                           0x08001b0c   Section        0  sin_i.o(i.__kernel_sin)
    i.__mathlib_dbl_infnan                   0x08001bf8   Section        0  dunder.o(i.__mathlib_dbl_infnan)
    i.__mathlib_dbl_infnan2                  0x08001bfe   Section        0  dunder.o(i.__mathlib_dbl_infnan2)
    i.__mathlib_dbl_invalid                  0x08001c02   Section        0  dunder.o(i.__mathlib_dbl_invalid)
    i.__mathlib_dbl_underflow                0x08001c10   Section        0  dunder.o(i.__mathlib_dbl_underflow)
    i.asin                                   0x08001c20   Section        0  asin.o(i.asin)
    i.atan                                   0x08001e90   Section        0  atan.o(i.atan)
    i.atan2                                  0x080020b0   Section        0  atan2.o(i.atan2)
    i.cos                                    0x08002230   Section        0  cos.o(i.cos)
    i.main                                   0x080022cc   Section        0  main.o(i.main)
    i.sin                                    0x0800337c   Section        0  sin.o(i.sin)
    i.sqrt                                   0x0800341c   Section        0  sqrt.o(i.sqrt)
    x$fpl$dadd                               0x08003468   Section      336  daddsub_clz.o(x$fpl$dadd)
    _dadd1                                   0x08003479   Thumb Code     0  daddsub_clz.o(x$fpl$dadd)
    x$fpl$dcheck1                            0x080035b8   Section       16  dcheck1.o(x$fpl$dcheck1)
    x$fpl$dcmpinf                            0x080035c8   Section       24  dcmpi.o(x$fpl$dcmpinf)
    x$fpl$ddiv                               0x080035e0   Section      688  ddiv.o(x$fpl$ddiv)
    ddiv_entry                               0x080035e7   Thumb Code     0  ddiv.o(x$fpl$ddiv)
    x$fpl$dfix                               0x08003890   Section       94  dfix.o(x$fpl$dfix)
    x$fpl$dflt                               0x080038ee   Section       46  dflt_clz.o(x$fpl$dflt)
    x$fpl$dfltu                              0x0800391c   Section       38  dflt_clz.o(x$fpl$dfltu)
    x$fpl$dleqf                              0x08003944   Section      120  dleqf.o(x$fpl$dleqf)
    x$fpl$dmul                               0x080039bc   Section      340  dmul.o(x$fpl$dmul)
    x$fpl$dnaninf                            0x08003b10   Section      156  dnaninf.o(x$fpl$dnaninf)
    x$fpl$dretinf                            0x08003bac   Section       12  dretinf.o(x$fpl$dretinf)
    x$fpl$drleqf                             0x08003bb8   Section      108  drleqf.o(x$fpl$drleqf)
    x$fpl$drsb                               0x08003c24   Section       22  daddsub_clz.o(x$fpl$drsb)
    x$fpl$dsqrt                              0x08003c3c   Section      460  dsqrt_noumaal.o(x$fpl$dsqrt)
    x$fpl$dsub                               0x08003e08   Section      468  daddsub_clz.o(x$fpl$dsub)
    _dsub1                                   0x08003e19   Thumb Code     0  daddsub_clz.o(x$fpl$dsub)
    x$fpl$retnan                             0x08003fdc   Section      100  retnan.o(x$fpl$retnan)
    x$fpl$scalbn                             0x08004040   Section       92  scalbn.o(x$fpl$scalbn)
    x$fpl$trapveneer                         0x0800409c   Section       48  trapv.o(x$fpl$trapveneer)
    x$fpl$usenofp                            0x080040cc   Section        0  usenofp.o(x$fpl$usenofp)
    .constdata                               0x080040d0   Section       80  asin.o(.constdata)
    pS                                       0x080040d0   Data          48  asin.o(.constdata)
    qS                                       0x08004100   Data          32  asin.o(.constdata)
    .constdata                               0x08004120   Section      152  atan.o(.constdata)
    atanhi                                   0x08004120   Data          32  atan.o(.constdata)
    atanlo                                   0x08004140   Data          32  atan.o(.constdata)
    aTodd                                    0x08004160   Data          40  atan.o(.constdata)
    aTeven                                   0x08004188   Data          48  atan.o(.constdata)
    .constdata                               0x080041b8   Section       48  cos_i.o(.constdata)
    C                                        0x080041b8   Data          48  cos_i.o(.constdata)
    .constdata                               0x080041e8   Section        8  qnan.o(.constdata)
    .constdata                               0x080041f0   Section      200  rred.o(.constdata)
    pio2s                                    0x080041f0   Data          48  rred.o(.constdata)
    twooverpi                                0x08004220   Data         152  rred.o(.constdata)
    .constdata                               0x080042b8   Section       40  sin_i.o(.constdata)
    S                                        0x080042b8   Data          40  sin_i.o(.constdata)
    .data                                    0x20000000   Section       20  system_stm32f10x.o(.data)
    .data                                    0x20000018   Section      384  main.o(.data)
    .bss                                     0x20000198   Section       18  main.o(.bss)
    .bss                                     0x200001ac   Section       96  libspace.o(.bss)
    HEAP                                     0x20000210   Section      512  startup_stm32f10x_xl.o(HEAP)
    Heap_Mem                                 0x20000210   Data         512  startup_stm32f10x_xl.o(HEAP)
    STACK                                    0x20000410   Section     1024  startup_stm32f10x_xl.o(STACK)
    Stack_Mem                                0x20000410   Data        1024  startup_stm32f10x_xl.o(STACK)
    __initial_sp                             0x20000810   Data           0  startup_stm32f10x_xl.o(STACK)

    Global Symbols

    Symbol Name                              Value     Ov Type        Size  Object(Section)

    BuildAttributes$$THM_ISAv4$P$D$K$B$S$PE$A:L22UL41UL21$X:L11$S22US41US21$IEEE1$IW$USESV6$~STKCKD$USESV7$~SHL$OTIME$ROPI$IEEEX$EBA8$UX$STANDARDLIB$REQ8$PRES8$EABIv2 0x00000000   Number         0  anon$$obj.o ABSOLUTE
    __ARM_use_no_argv                        0x00000000   Number         0  main.o ABSOLUTE
    __ARM_exceptions_init                     - Undefined Weak Reference
    __alloca_initialize                       - Undefined Weak Reference
    __arm_preinit_                            - Undefined Weak Reference
    __cpp_initialize__aeabi_                  - Undefined Weak Reference
    __cxa_finalize                            - Undefined Weak Reference
    __rt_locale                               - Undefined Weak Reference
    __sigvec_lookup                           - Undefined Weak Reference
    _atexit_init                              - Undefined Weak Reference
    _call_atexit_fns                          - Undefined Weak Reference
    _clock_init                               - Undefined Weak Reference
    _fp_trap_init                             - Undefined Weak Reference
    _fp_trap_shutdown                         - Undefined Weak Reference
    _get_lc_collate                           - Undefined Weak Reference
    _get_lc_ctype                             - Undefined Weak Reference
    _get_lc_monetary                          - Undefined Weak Reference
    _get_lc_numeric                           - Undefined Weak Reference
    _get_lc_time                              - Undefined Weak Reference
    _getenv_init                              - Undefined Weak Reference
    _handle_redirection                       - Undefined Weak Reference
    _init_alloc                               - Undefined Weak Reference
    _init_user_alloc                          - Undefined Weak Reference
    _initio                                   - Undefined Weak Reference
    _rand_init                                - Undefined Weak Reference
    _signal_finish                            - Undefined Weak Reference
    _signal_init                              - Undefined Weak Reference
    _terminate_alloc                          - Undefined Weak Reference
    _terminate_user_alloc                     - Undefined Weak Reference
    _terminateio                              - Undefined Weak Reference
    __Vectors_Size                           0x00000130   Number         0  startup_stm32f10x_xl.o ABSOLUTE
    __Vectors                                0x08000000   Data           4  startup_stm32f10x_xl.o(RESET)
    __Vectors_End                            0x08000130   Data           0  startup_stm32f10x_xl.o(RESET)
    __main                                   0x08000131   Thumb Code     8  __main.o(!!!main)
    __scatterload                            0x08000139   Thumb Code     0  __scatter.o(!!!scatter)
    __scatterload_rt2                        0x08000139   Thumb Code    44  __scatter.o(!!!scatter)
    __scatterload_rt2_thumb_only             0x08000139   Thumb Code     0  __scatter.o(!!!scatter)
    __scatterload_null                       0x08000147   Thumb Code     0  __scatter.o(!!!scatter)
    __decompress                             0x0800016d   Thumb Code    90  __dczerorl2.o(!!dczerorl2)
    __decompress1                            0x0800016d   Thumb Code     0  __dczerorl2.o(!!dczerorl2)
    __scatterload_zeroinit                   0x080001c9   Thumb Code    28  __scatter_zi.o(!!handler_zi)
    __rt_lib_init                            0x080001e5   Thumb Code     0  libinit.o(.ARM.Collect$$libinit$$00000000)
    __rt_lib_init_alloca_1                   0x080001e7   Thumb Code     0  libinit2.o(.ARM.Collect$$libinit$$0000002E)
    __rt_lib_init_argv_1                     0x080001e7   Thumb Code     0  libinit2.o(.ARM.Collect$$libinit$$0000002C)
    __rt_lib_init_atexit_1                   0x080001e7   Thumb Code     0  libinit2.o(.ARM.Collect$$libinit$$0000001B)
    __rt_lib_init_clock_1                    0x080001e7   Thumb Code     0  libinit2.o(.ARM.Collect$$libinit$$00000021)
    __rt_lib_init_cpp_1                      0x080001e7   Thumb Code     0  libinit2.o(.ARM.Collect$$libinit$$00000032)
    __rt_lib_init_exceptions_1               0x080001e7   Thumb Code     0  libinit2.o(.ARM.Collect$$libinit$$00000030)
    __rt_lib_init_fp_1                       0x080001e7   Thumb Code     0  libinit2.o(.ARM.Collect$$libinit$$00000002)
    __rt_lib_init_fp_trap_1                  0x080001e7   Thumb Code     0  libinit2.o(.ARM.Collect$$libinit$$0000001F)
    __rt_lib_init_getenv_1                   0x080001e7   Thumb Code     0  libinit2.o(.ARM.Collect$$libinit$$00000023)
    __rt_lib_init_heap_1                     0x080001e7   Thumb Code     0  libinit2.o(.ARM.Collect$$libinit$$0000000A)
    __rt_lib_init_lc_collate_1               0x080001e7   Thumb Code     0  libinit2.o(.ARM.Collect$$libinit$$00000011)
    __rt_lib_init_lc_ctype_1                 0x080001e7   Thumb Code     0  libinit2.o(.ARM.Collect$$libinit$$00000013)
    __rt_lib_init_lc_monetary_1              0x080001e7   Thumb Code     0  libinit2.o(.ARM.Collect$$libinit$$00000015)
    __rt_lib_init_lc_numeric_1               0x080001e7   Thumb Code     0  libinit2.o(.ARM.Collect$$libinit$$00000017)
    __rt_lib_init_lc_time_1                  0x080001e7   Thumb Code     0  libinit2.o(.ARM.Collect$$libinit$$00000019)
    __rt_lib_init_preinit_1                  0x080001e7   Thumb Code     0  libinit2.o(.ARM.Collect$$libinit$$00000004)
    __rt_lib_init_rand_1                     0x080001e7   Thumb Code     0  libinit2.o(.ARM.Collect$$libinit$$0000000E)
    __rt_lib_init_return                     0x080001e7   Thumb Code     0  libinit2.o(.ARM.Collect$$libinit$$00000033)
    __rt_lib_init_signal_1                   0x080001e7   Thumb Code     0  libinit2.o(.ARM.Collect$$libinit$$0000001D)
    __rt_lib_init_stdio_1                    0x080001e7   Thumb Code     0  libinit2.o(.ARM.Collect$$libinit$$00000025)
    __rt_lib_init_user_alloc_1               0x080001e7   Thumb Code     0  libinit2.o(.ARM.Collect$$libinit$$0000000C)
    __rt_lib_shutdown                        0x080001e9   Thumb Code     0  libshutdown.o(.ARM.Collect$$libshutdown$$00000000)
    __rt_lib_shutdown_cpp_1                  0x080001eb   Thumb Code     0  libshutdown2.o(.ARM.Collect$$libshutdown$$00000002)
    __rt_lib_shutdown_fp_trap_1              0x080001eb   Thumb Code     0  libshutdown2.o(.ARM.Collect$$libshutdown$$00000007)
    __rt_lib_shutdown_heap_1                 0x080001eb   Thumb Code     0  libshutdown2.o(.ARM.Collect$$libshutdown$$0000000F)
    __rt_lib_shutdown_return                 0x080001eb   Thumb Code     0  libshutdown2.o(.ARM.Collect$$libshutdown$$00000010)
    __rt_lib_shutdown_signal_1               0x080001eb   Thumb Code     0  libshutdown2.o(.ARM.Collect$$libshutdown$$0000000A)
    __rt_lib_shutdown_stdio_1                0x080001eb   Thumb Code     0  libshutdown2.o(.ARM.Collect$$libshutdown$$00000004)
    __rt_lib_shutdown_user_alloc_1           0x080001eb   Thumb Code     0  libshutdown2.o(.ARM.Collect$$libshutdown$$0000000C)
    __rt_entry                               0x080001ed   Thumb Code     0  __rtentry.o(.ARM.Collect$$rtentry$$00000000)
    __rt_entry_presh_1                       0x080001ed   Thumb Code     0  __rtentry2.o(.ARM.Collect$$rtentry$$00000002)
    __rt_entry_sh                            0x080001ed   Thumb Code     0  __rtentry4.o(.ARM.Collect$$rtentry$$00000004)
    __rt_entry_li                            0x080001f3   Thumb Code     0  __rtentry2.o(.ARM.Collect$$rtentry$$0000000A)
    __rt_entry_postsh_1                      0x080001f3   Thumb Code     0  __rtentry2.o(.ARM.Collect$$rtentry$$00000009)
    __rt_entry_main                          0x080001f7   Thumb Code     0  __rtentry2.o(.ARM.Collect$$rtentry$$0000000D)
    __rt_entry_postli_1                      0x080001f7   Thumb Code     0  __rtentry2.o(.ARM.Collect$$rtentry$$0000000C)
    __rt_exit                                0x080001ff   Thumb Code     0  rtexit.o(.ARM.Collect$$rtexit$$00000000)
    __rt_exit_ls                             0x08000201   Thumb Code     0  rtexit2.o(.ARM.Collect$$rtexit$$00000003)
    __rt_exit_prels_1                        0x08000201   Thumb Code     0  rtexit2.o(.ARM.Collect$$rtexit$$00000002)
    __rt_exit_exit                           0x08000205   Thumb Code     0  rtexit2.o(.ARM.Collect$$rtexit$$00000004)
    Reset_Handler                            0x0800020d   Thumb Code     8  startup_stm32f10x_xl.o(.text)
    NMI_Handler                              0x08000215   Thumb Code     2  startup_stm32f10x_xl.o(.text)
    HardFault_Handler                        0x08000217   Thumb Code     2  startup_stm32f10x_xl.o(.text)
    MemManage_Handler                        0x08000219   Thumb Code     2  startup_stm32f10x_xl.o(.text)
    BusFault_Handler                         0x0800021b   Thumb Code     2  startup_stm32f10x_xl.o(.text)
    UsageFault_Handler                       0x0800021d   Thumb Code     2  startup_stm32f10x_xl.o(.text)
    SVC_Handler                              0x0800021f   Thumb Code     2  startup_stm32f10x_xl.o(.text)
    DebugMon_Handler                         0x08000221   Thumb Code     2  startup_stm32f10x_xl.o(.text)
    PendSV_Handler                           0x08000223   Thumb Code     2  startup_stm32f10x_xl.o(.text)
    ADC1_2_IRQHandler                        0x08000227   Thumb Code     0  startup_stm32f10x_xl.o(.text)
    ADC3_IRQHandler                          0x08000227   Thumb Code     0  startup_stm32f10x_xl.o(.text)
    CAN1_RX1_IRQHandler                      0x08000227   Thumb Code     0  startup_stm32f10x_xl.o(.text)
    CAN1_SCE_IRQHandler                      0x08000227   Thumb Code     0  startup_stm32f10x_xl.o(.text)
    DMA1_Channel1_IRQHandler                 0x08000227   Thumb Code     0  startup_stm32f10x_xl.o(.text)
    DMA1_Channel2_IRQHandler                 0x08000227   Thumb Code     0  startup_stm32f10x_xl.o(.text)
    DMA1_Channel3_IRQHandler                 0x08000227   Thumb Code     0  startup_stm32f10x_xl.o(.text)
    DMA1_Channel4_IRQHandler                 0x08000227   Thumb Code     0  startup_stm32f10x_xl.o(.text)
    DMA1_Channel5_IRQHandler                 0x08000227   Thumb Code     0  startup_stm32f10x_xl.o(.text)
    DMA1_Channel6_IRQHandler                 0x08000227   Thumb Code     0  startup_stm32f10x_xl.o(.text)
    DMA1_Channel7_IRQHandler                 0x08000227   Thumb Code     0  startup_stm32f10x_xl.o(.text)
    DMA2_Channel1_IRQHandler                 0x08000227   Thumb Code     0  startup_stm32f10x_xl.o(.text)
    DMA2_Channel2_IRQHandler                 0x08000227   Thumb Code     0  startup_stm32f10x_xl.o(.text)
    DMA2_Channel3_IRQHandler                 0x08000227   Thumb Code     0  startup_stm32f10x_xl.o(.text)
    DMA2_Channel4_5_IRQHandler               0x08000227   Thumb Code     0  startup_stm32f10x_xl.o(.text)
    EXTI0_IRQHandler                         0x08000227   Thumb Code     0  startup_stm32f10x_xl.o(.text)
    EXTI15_10_IRQHandler                     0x08000227   Thumb Code     0  startup_stm32f10x_xl.o(.text)
    EXTI1_IRQHandler                         0x08000227   Thumb Code     0  startup_stm32f10x_xl.o(.text)
    EXTI2_IRQHandler                         0x08000227   Thumb Code     0  startup_stm32f10x_xl.o(.text)
    EXTI3_IRQHandler                         0x08000227   Thumb Code     0  startup_stm32f10x_xl.o(.text)
    EXTI4_IRQHandler                         0x08000227   Thumb Code     0  startup_stm32f10x_xl.o(.text)
    EXTI9_5_IRQHandler                       0x08000227   Thumb Code     0  startup_stm32f10x_xl.o(.text)
    FLASH_IRQHandler                         0x08000227   Thumb Code     0  startup_stm32f10x_xl.o(.text)
    FSMC_IRQHandler                          0x08000227   Thumb Code     0  startup_stm32f10x_xl.o(.text)
    I2C2_ER_IRQHandler                       0x08000227   Thumb Code     0  startup_stm32f10x_xl.o(.text)
    I2C2_EV_IRQHandler                       0x08000227   Thumb Code     0  startup_stm32f10x_xl.o(.text)
    PVD_IRQHandler                           0x08000227   Thumb Code     0  startup_stm32f10x_xl.o(.text)
    RCC_IRQHandler                           0x08000227   Thumb Code     0  startup_stm32f10x_xl.o(.text)
    RTCAlarm_IRQHandler                      0x08000227   Thumb Code     0  startup_stm32f10x_xl.o(.text)
    RTC_IRQHandler                           0x08000227   Thumb Code     0  startup_stm32f10x_xl.o(.text)
    SDIO_IRQHandler                          0x08000227   Thumb Code     0  startup_stm32f10x_xl.o(.text)
    SPI1_IRQHandler                          0x08000227   Thumb Code     0  startup_stm32f10x_xl.o(.text)
    SPI2_IRQHandler                          0x08000227   Thumb Code     0  startup_stm32f10x_xl.o(.text)
    SPI3_IRQHandler                          0x08000227   Thumb Code     0  startup_stm32f10x_xl.o(.text)
    TAMPER_IRQHandler                        0x08000227   Thumb Code     0  startup_stm32f10x_xl.o(.text)
    TIM1_BRK_TIM9_IRQHandler                 0x08000227   Thumb Code     0  startup_stm32f10x_xl.o(.text)
    TIM1_CC_IRQHandler                       0x08000227   Thumb Code     0  startup_stm32f10x_xl.o(.text)
    TIM1_TRG_COM_TIM11_IRQHandler            0x08000227   Thumb Code     0  startup_stm32f10x_xl.o(.text)
    TIM1_UP_TIM10_IRQHandler                 0x08000227   Thumb Code     0  startup_stm32f10x_xl.o(.text)
    TIM2_IRQHandler                          0x08000227   Thumb Code     0  startup_stm32f10x_xl.o(.text)
    TIM3_IRQHandler                          0x08000227   Thumb Code     0  startup_stm32f10x_xl.o(.text)
    TIM4_IRQHandler                          0x08000227   Thumb Code     0  startup_stm32f10x_xl.o(.text)
    TIM5_IRQHandler                          0x08000227   Thumb Code     0  startup_stm32f10x_xl.o(.text)
    TIM6_IRQHandler                          0x08000227   Thumb Code     0  startup_stm32f10x_xl.o(.text)
    TIM7_IRQHandler                          0x08000227   Thumb Code     0  startup_stm32f10x_xl.o(.text)
    TIM8_BRK_TIM12_IRQHandler                0x08000227   Thumb Code     0  startup_stm32f10x_xl.o(.text)
    TIM8_CC_IRQHandler                       0x08000227   Thumb Code     0  startup_stm32f10x_xl.o(.text)
    TIM8_TRG_COM_TIM14_IRQHandler            0x08000227   Thumb Code     0  startup_stm32f10x_xl.o(.text)
    TIM8_UP_TIM13_IRQHandler                 0x08000227   Thumb Code     0  startup_stm32f10x_xl.o(.text)
    UART4_IRQHandler                         0x08000227   Thumb Code     0  startup_stm32f10x_xl.o(.text)
    UART5_IRQHandler                         0x08000227   Thumb Code     0  startup_stm32f10x_xl.o(.text)
    USART1_IRQHandler                        0x08000227   Thumb Code     0  startup_stm32f10x_xl.o(.text)
    USART2_IRQHandler                        0x08000227   Thumb Code     0  startup_stm32f10x_xl.o(.text)
    USART3_IRQHandler                        0x08000227   Thumb Code     0  startup_stm32f10x_xl.o(.text)
    USBWakeUp_IRQHandler                     0x08000227   Thumb Code     0  startup_stm32f10x_xl.o(.text)
    USB_HP_CAN1_TX_IRQHandler                0x08000227   Thumb Code     0  startup_stm32f10x_xl.o(.text)
    USB_LP_CAN1_RX0_IRQHandler               0x08000227   Thumb Code     0  startup_stm32f10x_xl.o(.text)
    WWDG_IRQHandler                          0x08000227   Thumb Code     0  startup_stm32f10x_xl.o(.text)
    __user_initial_stackheap                 0x08000229   Thumb Code     0  startup_stm32f10x_xl.o(.text)
    __use_two_region_memory                  0x0800024d   Thumb Code     2  heapauxi.o(.text)
    __rt_heap_escrow$2region                 0x0800024f   Thumb Code     2  heapauxi.o(.text)
    __rt_heap_expand$2region                 0x08000251   Thumb Code     2  heapauxi.o(.text)
    __read_errno                             0x08000253   Thumb Code    10  _rserrno.o(.text)
    __set_errno                              0x0800025d   Thumb Code    12  _rserrno.o(.text)
    __aeabi_errno_addr                       0x08000269   Thumb Code     8  rt_errno_addr_intlibspace.o(.text)
    __errno$intlibspace                      0x08000269   Thumb Code     0  rt_errno_addr_intlibspace.o(.text)
    __rt_errno_addr$intlibspace              0x08000269   Thumb Code     0  rt_errno_addr_intlibspace.o(.text)
    __user_libspace                          0x08000271   Thumb Code     8  libspace.o(.text)
    __user_perproc_libspace                  0x08000271   Thumb Code     0  libspace.o(.text)
    __user_perthread_libspace                0x08000271   Thumb Code     0  libspace.o(.text)
    __user_setup_stackheap                   0x08000279   Thumb Code    74  sys_stackheap_outer.o(.text)
    exit                                     0x080002c3   Thumb Code    18  exit.o(.text)
    _sys_exit                                0x080002d5   Thumb Code     8  sys_exit.o(.text)
    __I$use$semihosting                      0x080002e1   Thumb Code     0  use_no_semi.o(.text)
    __use_no_semihosting_swi                 0x080002e1   Thumb Code     2  use_no_semi.o(.text)
    __semihosting_library_function           0x080002e3   Thumb Code     0  indicate_semi.o(.text)
    AK8963_CALIB                             0x080002e5   Thumb Code   602  main.o(i.AK8963_CALIB)
    DATA_SPLITTING                           0x0800056d   Thumb Code   356  main.o(i.DATA_SPLITTING)
    GET_PARAM                                0x08000715   Thumb Code   860  main.o(i.GET_PARAM)
    GET_QUATERNION                           0x08000ac1   Thumb Code   500  main.o(i.GET_QUATERNION)
    I2C1_ER_IRQHandler                       0x08000cd1   Thumb Code    14  main.o(i.I2C1_ER_IRQHandler)
    I2C1_EV_IRQHandler                       0x08000ce5   Thumb Code   110  main.o(i.I2C1_EV_IRQHandler)
    I2C_ALLOW_ANSWER                         0x08000d61   Thumb Code    40  main.o(i.I2C_ALLOW_ANSWER)
    I2C_Init                                 0x08000d8d   Thumb Code   182  main.o(i.I2C_Init)
    I2C_RESTRICT_ANSWER                      0x08000e51   Thumb Code    24  main.o(i.I2C_RESTRICT_ANSWER)
    IS_IT_MAXIMUM                            0x08000e6d   Thumb Code    70  main.o(i.IS_IT_MAXIMUM)
    IS_IT_MINIMUM                            0x08000eb3   Thumb Code    70  main.o(i.IS_IT_MINIMUM)
    MPU9250_SPI_INIT                         0x08000ef9   Thumb Code   748  main.o(i.MPU9250_SPI_INIT)
    RESET_MATRIX                             0x08001223   Thumb Code    20  main.o(i.RESET_MATRIX)
    RESTART_I2C                              0x08001239   Thumb Code    56  main.o(i.RESTART_I2C)
    SPI_GET_PARAM                            0x08001279   Thumb Code   138  main.o(i.SPI_GET_PARAM)
    SPI_SET_PARAM_16BIT                      0x08001311   Thumb Code   118  main.o(i.SPI_SET_PARAM_16BIT)
    SPI_SET_PARAM_8BIT                       0x08001395   Thumb Code    88  main.o(i.SPI_SET_PARAM_8BIT)
    SysTick_Handler                          0x080014e1   Thumb Code    70  main.o(i.SysTick_Handler)
    SysTick_Settings                         0x08001539   Thumb Code    22  main.o(i.SysTick_Settings)
    SystemInit                               0x08001555   Thumb Code    78  system_stm32f10x.o(i.SystemInit)
    __ARM_fpclassify                         0x080015b5   Thumb Code    40  fpclassify.o(i.__ARM_fpclassify)
    __ieee754_rem_pio2                       0x080015dd   Thumb Code   828  rred.o(i.__ieee754_rem_pio2)
    __kernel_cos                             0x08001965   Thumb Code   230  cos_i.o(i.__kernel_cos)
    __kernel_poly                            0x08001a61   Thumb Code   170  poly.o(i.__kernel_poly)
    __kernel_sin                             0x08001b0d   Thumb Code   224  sin_i.o(i.__kernel_sin)
    __mathlib_dbl_infnan                     0x08001bf9   Thumb Code     6  dunder.o(i.__mathlib_dbl_infnan)
    __mathlib_dbl_infnan2                    0x08001bff   Thumb Code     4  dunder.o(i.__mathlib_dbl_infnan2)
    __mathlib_dbl_invalid                    0x08001c03   Thumb Code    12  dunder.o(i.__mathlib_dbl_invalid)
    __mathlib_dbl_underflow                  0x08001c11   Thumb Code    10  dunder.o(i.__mathlib_dbl_underflow)
    asin                                     0x08001c21   Thumb Code   572  asin.o(i.asin)
    atan                                     0x08001e91   Thumb Code   474  atan.o(i.atan)
    atan2                                    0x080020b1   Thumb Code   346  atan2.o(i.atan2)
    cos                                      0x08002231   Thumb Code   148  cos.o(i.cos)
    main                                     0x080022cd   Thumb Code  4218  main.o(i.main)
    sin                                      0x0800337d   Thumb Code   150  sin.o(i.sin)
    sqrt                                     0x0800341d   Thumb Code    76  sqrt.o(i.sqrt)
    __aeabi_dadd                             0x08003469   Thumb Code     0  daddsub_clz.o(x$fpl$dadd)
    _dadd                                    0x08003469   Thumb Code   332  daddsub_clz.o(x$fpl$dadd)
    __fpl_dcheck_NaN1                        0x080035b9   Thumb Code    10  dcheck1.o(x$fpl$dcheck1)
    __fpl_dcmp_Inf                           0x080035c9   Thumb Code    24  dcmpi.o(x$fpl$dcmpinf)
    __aeabi_ddiv                             0x080035e1   Thumb Code     0  ddiv.o(x$fpl$ddiv)
    _ddiv                                    0x080035e1   Thumb Code   552  ddiv.o(x$fpl$ddiv)
    __aeabi_d2iz                             0x08003891   Thumb Code     0  dfix.o(x$fpl$dfix)
    _dfix                                    0x08003891   Thumb Code    94  dfix.o(x$fpl$dfix)
    __aeabi_i2d                              0x080038ef   Thumb Code     0  dflt_clz.o(x$fpl$dflt)
    _dflt                                    0x080038ef   Thumb Code    46  dflt_clz.o(x$fpl$dflt)
    __aeabi_ui2d                             0x0800391d   Thumb Code     0  dflt_clz.o(x$fpl$dfltu)
    _dfltu                                   0x0800391d   Thumb Code    38  dflt_clz.o(x$fpl$dfltu)
    __aeabi_cdcmple                          0x08003945   Thumb Code     0  dleqf.o(x$fpl$dleqf)
    _dcmple                                  0x08003945   Thumb Code   120  dleqf.o(x$fpl$dleqf)
    __fpl_dcmple_InfNaN                      0x080039a7   Thumb Code     0  dleqf.o(x$fpl$dleqf)
    __aeabi_dmul                             0x080039bd   Thumb Code     0  dmul.o(x$fpl$dmul)
    _dmul                                    0x080039bd   Thumb Code   332  dmul.o(x$fpl$dmul)
    __fpl_dnaninf                            0x08003b11   Thumb Code   156  dnaninf.o(x$fpl$dnaninf)
    __fpl_dretinf                            0x08003bad   Thumb Code    12  dretinf.o(x$fpl$dretinf)
    __aeabi_cdrcmple                         0x08003bb9   Thumb Code     0  drleqf.o(x$fpl$drleqf)
    _drcmple                                 0x08003bb9   Thumb Code   108  drleqf.o(x$fpl$drleqf)
    __aeabi_drsub                            0x08003c25   Thumb Code     0  daddsub_clz.o(x$fpl$drsb)
    _drsb                                    0x08003c25   Thumb Code    22  daddsub_clz.o(x$fpl$drsb)
    _dsqrt                                   0x08003c3d   Thumb Code   456  dsqrt_noumaal.o(x$fpl$dsqrt)
    __aeabi_dsub                             0x08003e09   Thumb Code     0  daddsub_clz.o(x$fpl$dsub)
    _dsub                                    0x08003e09   Thumb Code   464  daddsub_clz.o(x$fpl$dsub)
    __fpl_return_NaN                         0x08003fdd   Thumb Code   100  retnan.o(x$fpl$retnan)
    __ARM_scalbn                             0x08004041   Thumb Code    92  scalbn.o(x$fpl$scalbn)
    __fpl_cmpreturn                          0x0800409d   Thumb Code    48  trapv.o(x$fpl$trapveneer)
    __I$use$fp                               0x080040cc   Number         0  usenofp.o(x$fpl$usenofp)
    __mathlib_zero                           0x080041e8   Data           8  qnan.o(.constdata)
    Region$$Table$$Base                      0x080042e0   Number         0  anon$$obj.o(Region$$Table)
    Region$$Table$$Limit                     0x08004300   Number         0  anon$$obj.o(Region$$Table)
    SystemCoreClock                          0x20000000   Data           4  system_stm32f10x.o(.data)
    AHBPrescTable                            0x20000004   Data          16  system_stm32f10x.o(.data)
    i                                        0x20000018   Data           4  main.o(.data)
    spi_receive                              0x2000001c   Data           2  main.o(.data)
    Wx                                       0x2000001e   Data           2  main.o(.data)
    Wy                                       0x20000020   Data           2  main.o(.data)
    Wz                                       0x20000022   Data           2  main.o(.data)
    ax                                       0x20000028   Data           8  main.o(.data)
    ay                                       0x20000030   Data           8  main.o(.data)
    az                                       0x20000038   Data           8  main.o(.data)
    pitch                                    0x20000040   Data           8  main.o(.data)
    roll                                     0x20000048   Data           8  main.o(.data)
    heading                                  0x20000050   Data           8  main.o(.data)
    pitch_n                                  0x20000058   Data           8  main.o(.data)
    roll_n                                   0x20000060   Data           8  main.o(.data)
    heading_m                                0x20000068   Data           8  main.o(.data)
    lock_cycle                               0x20000070   Data           1  main.o(.data)
    final_of_cycle                           0x20000071   Data           1  main.o(.data)
    g0                                       0x20000078   Data           8  main.o(.data)
    g1                                       0x20000080   Data           8  main.o(.data)
    g2                                       0x20000088   Data           8  main.o(.data)
    g3                                       0x20000090   Data           8  main.o(.data)
    gi0                                      0x20000098   Data           8  main.o(.data)
    gi1                                      0x200000a0   Data           8  main.o(.data)
    gi2                                      0x200000a8   Data           8  main.o(.data)
    gi3                                      0x200000b0   Data           8  main.o(.data)
    gc0                                      0x200000b8   Data           8  main.o(.data)
    gc1                                      0x200000c0   Data           8  main.o(.data)
    gc2                                      0x200000c8   Data           8  main.o(.data)
    gc3                                      0x200000d0   Data           8  main.o(.data)
    x0                                       0x200000d8   Data           8  main.o(.data)
    x1                                       0x200000e0   Data           8  main.o(.data)
    x2                                       0x200000e8   Data           8  main.o(.data)
    x3                                       0x200000f0   Data           8  main.o(.data)
    N                                        0x200000f8   Data           8  main.o(.data)
    Nx                                       0x20000100   Data           8  main.o(.data)
    Ny                                       0x20000108   Data           8  main.o(.data)
    Nz                                       0x20000110   Data           8  main.o(.data)
    Nxg                                      0x20000118   Data           8  main.o(.data)
    Nyg                                      0x20000120   Data           8  main.o(.data)
    Nzg                                      0x20000128   Data           8  main.o(.data)
    Bx                                       0x20000130   Data           8  main.o(.data)
    By                                       0x20000138   Data           8  main.o(.data)
    Bz                                       0x20000140   Data           8  main.o(.data)
    Bxg                                      0x20000148   Data           8  main.o(.data)
    Bzg                                      0x20000150   Data           8  main.o(.data)
    kalm_k                                   0x20000158   Data           8  main.o(.data)
    kalm_k_m                                 0x20000160   Data           8  main.o(.data)
    magnet_correction                        0x20000168   Data           8  main.o(.data)
    filter_k                                 0x20000170   Data           8  main.o(.data)
    n_byte_i2c                               0x20000178   Data           1  main.o(.data)
    Bx_bias                                  0x20000180   Data           8  main.o(.data)
    By_bias                                  0x20000188   Data           8  main.o(.data)
    Bz_bias                                  0x20000190   Data           8  main.o(.data)
    data_i2c_out                             0x20000198   Data          18  main.o(.bss)
    __libspace_start                         0x200001ac   Data          96  libspace.o(.bss)
    __temporary_stack_top$libspace           0x2000020c   Data           0  libspace.o(.bss)



==============================================================================

Memory Map of the image

  Image Entry point : 0x0800020d

  Load Region LR_1 (Base: 0x08000000, Size: 0x00004498, Max: 0xffffffff, ABSOLUTE, COMPRESSED[0x00004330])

    Execution Region ER_RO (Exec base: 0x08000000, Load base: 0x08000000, Size: 0x00004300, Max: 0xffffffff, ABSOLUTE)

    Exec Addr    Load Addr    Size         Type   Attr      Idx    E Section Name        Object

    0x08000000   0x08000000   0x00000130   Data   RO            3    RESET               startup_stm32f10x_xl.o
    0x08000130   0x08000130   0x00000008   Code   RO          224  * !!!main             c_w.l(__main.o)
    0x08000138   0x08000138   0x00000034   Code   RO          518    !!!scatter          c_w.l(__scatter.o)
    0x0800016c   0x0800016c   0x0000005a   Code   RO          516    !!dczerorl2         c_w.l(__dczerorl2.o)
    0x080001c6   0x080001c6   0x00000002   PAD
    0x080001c8   0x080001c8   0x0000001c   Code   RO          520    !!handler_zi        c_w.l(__scatter_zi.o)
    0x080001e4   0x080001e4   0x00000002   Code   RO          385    .ARM.Collect$$libinit$$00000000  c_w.l(libinit.o)
    0x080001e6   0x080001e6   0x00000000   Code   RO          391    .ARM.Collect$$libinit$$00000002  c_w.l(libinit2.o)
    0x080001e6   0x080001e6   0x00000000   Code   RO          393    .ARM.Collect$$libinit$$00000004  c_w.l(libinit2.o)
    0x080001e6   0x080001e6   0x00000000   Code   RO          396    .ARM.Collect$$libinit$$0000000A  c_w.l(libinit2.o)
    0x080001e6   0x080001e6   0x00000000   Code   RO          398    .ARM.Collect$$libinit$$0000000C  c_w.l(libinit2.o)
    0x080001e6   0x080001e6   0x00000000   Code   RO          400    .ARM.Collect$$libinit$$0000000E  c_w.l(libinit2.o)
    0x080001e6   0x080001e6   0x00000000   Code   RO          403    .ARM.Collect$$libinit$$00000011  c_w.l(libinit2.o)
    0x080001e6   0x080001e6   0x00000000   Code   RO          405    .ARM.Collect$$libinit$$00000013  c_w.l(libinit2.o)
    0x080001e6   0x080001e6   0x00000000   Code   RO          407    .ARM.Collect$$libinit$$00000015  c_w.l(libinit2.o)
    0x080001e6   0x080001e6   0x00000000   Code   RO          409    .ARM.Collect$$libinit$$00000017  c_w.l(libinit2.o)
    0x080001e6   0x080001e6   0x00000000   Code   RO          411    .ARM.Collect$$libinit$$00000019  c_w.l(libinit2.o)
    0x080001e6   0x080001e6   0x00000000   Code   RO          413    .ARM.Collect$$libinit$$0000001B  c_w.l(libinit2.o)
    0x080001e6   0x080001e6   0x00000000   Code   RO          415    .ARM.Collect$$libinit$$0000001D  c_w.l(libinit2.o)
    0x080001e6   0x080001e6   0x00000000   Code   RO          417    .ARM.Collect$$libinit$$0000001F  c_w.l(libinit2.o)
    0x080001e6   0x080001e6   0x00000000   Code   RO          419    .ARM.Collect$$libinit$$00000021  c_w.l(libinit2.o)
    0x080001e6   0x080001e6   0x00000000   Code   RO          421    .ARM.Collect$$libinit$$00000023  c_w.l(libinit2.o)
    0x080001e6   0x080001e6   0x00000000   Code   RO          423    .ARM.Collect$$libinit$$00000025  c_w.l(libinit2.o)
    0x080001e6   0x080001e6   0x00000000   Code   RO          427    .ARM.Collect$$libinit$$0000002C  c_w.l(libinit2.o)
    0x080001e6   0x080001e6   0x00000000   Code   RO          429    .ARM.Collect$$libinit$$0000002E  c_w.l(libinit2.o)
    0x080001e6   0x080001e6   0x00000000   Code   RO          431    .ARM.Collect$$libinit$$00000030  c_w.l(libinit2.o)
    0x080001e6   0x080001e6   0x00000000   Code   RO          433    .ARM.Collect$$libinit$$00000032  c_w.l(libinit2.o)
    0x080001e6   0x080001e6   0x00000002   Code   RO          434    .ARM.Collect$$libinit$$00000033  c_w.l(libinit2.o)
    0x080001e8   0x080001e8   0x00000002   Code   RO          456    .ARM.Collect$$libshutdown$$00000000  c_w.l(libshutdown.o)
    0x080001ea   0x080001ea   0x00000000   Code   RO          469    .ARM.Collect$$libshutdown$$00000002  c_w.l(libshutdown2.o)
    0x080001ea   0x080001ea   0x00000000   Code   RO          471    .ARM.Collect$$libshutdown$$00000004  c_w.l(libshutdown2.o)
    0x080001ea   0x080001ea   0x00000000   Code   RO          474    .ARM.Collect$$libshutdown$$00000007  c_w.l(libshutdown2.o)
    0x080001ea   0x080001ea   0x00000000   Code   RO          477    .ARM.Collect$$libshutdown$$0000000A  c_w.l(libshutdown2.o)
    0x080001ea   0x080001ea   0x00000000   Code   RO          479    .ARM.Collect$$libshutdown$$0000000C  c_w.l(libshutdown2.o)
    0x080001ea   0x080001ea   0x00000000   Code   RO          482    .ARM.Collect$$libshutdown$$0000000F  c_w.l(libshutdown2.o)
    0x080001ea   0x080001ea   0x00000002   Code   RO          483    .ARM.Collect$$libshutdown$$00000010  c_w.l(libshutdown2.o)
    0x080001ec   0x080001ec   0x00000000   Code   RO          294    .ARM.Collect$$rtentry$$00000000  c_w.l(__rtentry.o)
    0x080001ec   0x080001ec   0x00000000   Code   RO          352    .ARM.Collect$$rtentry$$00000002  c_w.l(__rtentry2.o)
    0x080001ec   0x080001ec   0x00000006   Code   RO          364    .ARM.Collect$$rtentry$$00000004  c_w.l(__rtentry4.o)
    0x080001f2   0x080001f2   0x00000000   Code   RO          354    .ARM.Collect$$rtentry$$00000009  c_w.l(__rtentry2.o)
    0x080001f2   0x080001f2   0x00000004   Code   RO          355    .ARM.Collect$$rtentry$$0000000A  c_w.l(__rtentry2.o)
    0x080001f6   0x080001f6   0x00000000   Code   RO          357    .ARM.Collect$$rtentry$$0000000C  c_w.l(__rtentry2.o)
    0x080001f6   0x080001f6   0x00000008   Code   RO          358    .ARM.Collect$$rtentry$$0000000D  c_w.l(__rtentry2.o)
    0x080001fe   0x080001fe   0x00000002   Code   RO          388    .ARM.Collect$$rtexit$$00000000  c_w.l(rtexit.o)
    0x08000200   0x08000200   0x00000000   Code   RO          438    .ARM.Collect$$rtexit$$00000002  c_w.l(rtexit2.o)
    0x08000200   0x08000200   0x00000004   Code   RO          439    .ARM.Collect$$rtexit$$00000003  c_w.l(rtexit2.o)
    0x08000204   0x08000204   0x00000006   Code   RO          440    .ARM.Collect$$rtexit$$00000004  c_w.l(rtexit2.o)
    0x0800020a   0x0800020a   0x00000002   PAD
    0x0800020c   0x0800020c   0x00000040   Code   RO            4  * .text               startup_stm32f10x_xl.o
    0x0800024c   0x0800024c   0x00000006   Code   RO          222    .text               c_w.l(heapauxi.o)
    0x08000252   0x08000252   0x00000016   Code   RO          295    .text               c_w.l(_rserrno.o)
    0x08000268   0x08000268   0x00000008   Code   RO          369    .text               c_w.l(rt_errno_addr_intlibspace.o)
    0x08000270   0x08000270   0x00000008   Code   RO          373    .text               c_w.l(libspace.o)
    0x08000278   0x08000278   0x0000004a   Code   RO          376    .text               c_w.l(sys_stackheap_outer.o)
    0x080002c2   0x080002c2   0x00000012   Code   RO          378    .text               c_w.l(exit.o)
    0x080002d4   0x080002d4   0x0000000c   Code   RO          448    .text               c_w.l(sys_exit.o)
    0x080002e0   0x080002e0   0x00000002   Code   RO          459    .text               c_w.l(use_no_semi.o)
    0x080002e2   0x080002e2   0x00000000   Code   RO          461    .text               c_w.l(indicate_semi.o)
    0x080002e2   0x080002e2   0x00000002   PAD
    0x080002e4   0x080002e4   0x00000288   Code   RO           55    i.AK8963_CALIB      main.o
    0x0800056c   0x0800056c   0x000001a8   Code   RO           56    i.DATA_SPLITTING    main.o
    0x08000714   0x08000714   0x000003ac   Code   RO           57    i.GET_PARAM         main.o
    0x08000ac0   0x08000ac0   0x00000210   Code   RO           58    i.GET_QUATERNION    main.o
    0x08000cd0   0x08000cd0   0x00000014   Code   RO           59    i.I2C1_ER_IRQHandler  main.o
    0x08000ce4   0x08000ce4   0x0000007c   Code   RO           60    i.I2C1_EV_IRQHandler  main.o
    0x08000d60   0x08000d60   0x0000002c   Code   RO           61    i.I2C_ALLOW_ANSWER  main.o
    0x08000d8c   0x08000d8c   0x000000c4   Code   RO           62    i.I2C_Init          main.o
    0x08000e50   0x08000e50   0x0000001c   Code   RO           63    i.I2C_RESTRICT_ANSWER  main.o
    0x08000e6c   0x08000e6c   0x00000046   Code   RO           64    i.IS_IT_MAXIMUM     main.o
    0x08000eb2   0x08000eb2   0x00000046   Code   RO           65    i.IS_IT_MINIMUM     main.o
    0x08000ef8   0x08000ef8   0x00000314   Code   RO           66    i.MPU9250_SPI_INIT  main.o
    0x0800120c   0x0800120c   0x00000016   Code   RO           67    i.NVIC_EnableIRQ    main.o
    0x08001222   0x08001222   0x00000014   Code   RO           68    i.RESET_MATRIX      main.o
    0x08001236   0x08001236   0x00000002   PAD
    0x08001238   0x08001238   0x00000040   Code   RO           69    i.RESTART_I2C       main.o
    0x08001278   0x08001278   0x00000098   Code   RO           70    i.SPI_GET_PARAM     main.o
    0x08001310   0x08001310   0x00000084   Code   RO           71    i.SPI_SET_PARAM_16BIT  main.o
    0x08001394   0x08001394   0x00000064   Code   RO           72    i.SPI_SET_PARAM_8BIT  main.o
    0x080013f8   0x080013f8   0x00000008   Code   RO           10    i.SetSysClock       system_stm32f10x.o
    0x08001400   0x08001400   0x000000e0   Code   RO           11    i.SetSysClockTo72   system_stm32f10x.o
    0x080014e0   0x080014e0   0x00000058   Code   RO           73    i.SysTick_Handler   main.o
    0x08001538   0x08001538   0x0000001c   Code   RO           74    i.SysTick_Settings  main.o
    0x08001554   0x08001554   0x00000060   Code   RO           13    i.SystemInit        system_stm32f10x.o
    0x080015b4   0x080015b4   0x00000028   Code   RO          335    i.__ARM_fpclassify  m_ws.l(fpclassify.o)
    0x080015dc   0x080015dc   0x00000388   Code   RO          340    i.__ieee754_rem_pio2  m_ws.l(rred.o)
    0x08001964   0x08001964   0x000000fc   Code   RO          318    i.__kernel_cos      m_ws.l(cos_i.o)
    0x08001a60   0x08001a60   0x000000aa   Code   RO          337    i.__kernel_poly     m_ws.l(poly.o)
    0x08001b0a   0x08001b0a   0x00000002   PAD
    0x08001b0c   0x08001b0c   0x000000ec   Code   RO          345    i.__kernel_sin      m_ws.l(sin_i.o)
    0x08001bf8   0x08001bf8   0x00000006   Code   RO          322    i.__mathlib_dbl_infnan  m_ws.l(dunder.o)
    0x08001bfe   0x08001bfe   0x00000004   Code   RO          323    i.__mathlib_dbl_infnan2  m_ws.l(dunder.o)
    0x08001c02   0x08001c02   0x0000000c   Code   RO          324    i.__mathlib_dbl_invalid  m_ws.l(dunder.o)
    0x08001c0e   0x08001c0e   0x00000002   PAD
    0x08001c10   0x08001c10   0x00000010   Code   RO          327    i.__mathlib_dbl_underflow  m_ws.l(dunder.o)
    0x08001c20   0x08001c20   0x00000270   Code   RO          253    i.asin              m_ws.l(asin.o)
    0x08001e90   0x08001e90   0x00000220   Code   RO          309    i.atan              m_ws.l(atan.o)
    0x080020b0   0x080020b0   0x00000180   Code   RO          263    i.atan2             m_ws.l(atan2.o)
    0x08002230   0x08002230   0x0000009c   Code   RO          271    i.cos               m_ws.l(cos.o)
    0x080022cc   0x080022cc   0x000010b0   Code   RO           75    i.main              main.o
    0x0800337c   0x0800337c   0x000000a0   Code   RO          279    i.sin               m_ws.l(sin.o)
    0x0800341c   0x0800341c   0x0000004c   Code   RO          287    i.sqrt              m_ws.l(sqrt.o)
    0x08003468   0x08003468   0x00000150   Code   RO          226    x$fpl$dadd          fz_ws.l(daddsub_clz.o)
    0x080035b8   0x080035b8   0x00000010   Code   RO          371    x$fpl$dcheck1       fz_ws.l(dcheck1.o)
    0x080035c8   0x080035c8   0x00000018   Code   RO          297    x$fpl$dcmpinf       fz_ws.l(dcmpi.o)
    0x080035e0   0x080035e0   0x000002b0   Code   RO          233    x$fpl$ddiv          fz_ws.l(ddiv.o)
    0x08003890   0x08003890   0x0000005e   Code   RO          236    x$fpl$dfix          fz_ws.l(dfix.o)
    0x080038ee   0x080038ee   0x0000002e   Code   RO          241    x$fpl$dflt          fz_ws.l(dflt_clz.o)
    0x0800391c   0x0800391c   0x00000026   Code   RO          240    x$fpl$dfltu         fz_ws.l(dflt_clz.o)
    0x08003942   0x08003942   0x00000002   PAD
    0x08003944   0x08003944   0x00000078   Code   RO          246    x$fpl$dleqf         fz_ws.l(dleqf.o)
    0x080039bc   0x080039bc   0x00000154   Code   RO          248    x$fpl$dmul          fz_ws.l(dmul.o)
    0x08003b10   0x08003b10   0x0000009c   Code   RO          299    x$fpl$dnaninf       fz_ws.l(dnaninf.o)
    0x08003bac   0x08003bac   0x0000000c   Code   RO          301    x$fpl$dretinf       fz_ws.l(dretinf.o)
    0x08003bb8   0x08003bb8   0x0000006c   Code   RO          250    x$fpl$drleqf        fz_ws.l(drleqf.o)
    0x08003c24   0x08003c24   0x00000016   Code   RO          227    x$fpl$drsb          fz_ws.l(daddsub_clz.o)
    0x08003c3a   0x08003c3a   0x00000002   PAD
    0x08003c3c   0x08003c3c   0x000001cc   Code   RO          303    x$fpl$dsqrt         fz_ws.l(dsqrt_noumaal.o)
    0x08003e08   0x08003e08   0x000001d4   Code   RO          228    x$fpl$dsub          fz_ws.l(daddsub_clz.o)
    0x08003fdc   0x08003fdc   0x00000064   Code   RO          386    x$fpl$retnan        fz_ws.l(retnan.o)
    0x08004040   0x08004040   0x0000005c   Code   RO          305    x$fpl$scalbn        fz_ws.l(scalbn.o)
    0x0800409c   0x0800409c   0x00000030   Code   RO          435    x$fpl$trapveneer    fz_ws.l(trapv.o)
    0x080040cc   0x080040cc   0x00000000   Code   RO          307    x$fpl$usenofp       fz_ws.l(usenofp.o)
    0x080040cc   0x080040cc   0x00000004   PAD
    0x080040d0   0x080040d0   0x00000050   Data   RO          254    .constdata          m_ws.l(asin.o)
    0x08004120   0x08004120   0x00000098   Data   RO          310    .constdata          m_ws.l(atan.o)
    0x080041b8   0x080041b8   0x00000030   Data   RO          319    .constdata          m_ws.l(cos_i.o)
    0x080041e8   0x080041e8   0x00000008   Data   RO          339    .constdata          m_ws.l(qnan.o)
    0x080041f0   0x080041f0   0x000000c8   Data   RO          342    .constdata          m_ws.l(rred.o)
    0x080042b8   0x080042b8   0x00000028   Data   RO          346    .constdata          m_ws.l(sin_i.o)
    0x080042e0   0x080042e0   0x00000020   Data   RO          514    Region$$Table       anon$$obj.o


    Execution Region ER_RW (Exec base: 0x20000000, Load base: 0x08004300, Size: 0x00000198, Max: 0xffffffff, ABSOLUTE, COMPRESSED[0x00000030])

    Exec Addr    Load Addr    Size         Type   Attr      Idx    E Section Name        Object

    0x20000000   COMPRESSED   0x00000014   Data   RW           14    .data               system_stm32f10x.o
    0x20000014   COMPRESSED   0x00000004   PAD
    0x20000018   COMPRESSED   0x00000180   Data   RW           77    .data               main.o


    Execution Region ER_ZI (Exec base: 0x20000198, Load base: 0x08004330, Size: 0x00000678, Max: 0xffffffff, ABSOLUTE)

    Exec Addr    Load Addr    Size         Type   Attr      Idx    E Section Name        Object

    0x20000198        -       0x00000012   Zero   RW           76    .bss                main.o
    0x200001aa   0x08004330   0x00000002   PAD
    0x200001ac        -       0x00000060   Zero   RW          374    .bss                c_w.l(libspace.o)
    0x2000020c   0x08004330   0x00000004   PAD
    0x20000210        -       0x00000200   Zero   RW            2    HEAP                startup_stm32f10x_xl.o
    0x20000410        -       0x00000400   Zero   RW            1    STACK               startup_stm32f10x_xl.o


==============================================================================

Image component sizes


      Code (inc. data)   RO Data    RW Data    ZI Data      Debug   Object Name

      8758        790          0        384         18     230968   main.o
        64         26        304          0       1536        772   startup_stm32f10x_xl.o
       328         28          0         20          0       6477   system_stm32f10x.o

    ----------------------------------------------------------------------
      9152        844        336        408       1556     238217   Object Totals
         0          0         32          0          0          0   (incl. Generated)
         2          0          0          4          2          0   (incl. Padding)

    ----------------------------------------------------------------------

      Code (inc. data)   RO Data    RW Data    ZI Data      Debug   Library Member Name

        90          0          0          0          0          0   __dczerorl2.o
         8          0          0          0          0         68   __main.o
         0          0          0          0          0          0   __rtentry.o
        12          0          0          0          0          0   __rtentry2.o
         6          0          0          0          0          0   __rtentry4.o
        52          8          0          0          0          0   __scatter.o
        28          0          0          0          0          0   __scatter_zi.o
        22          0          0          0          0        100   _rserrno.o
        18          0          0          0          0         80   exit.o
         6          0          0          0          0        152   heapauxi.o
         0          0          0          0          0          0   indicate_semi.o
         2          0          0          0          0          0   libinit.o
         2          0          0          0          0          0   libinit2.o
         2          0          0          0          0          0   libshutdown.o
         2          0          0          0          0          0   libshutdown2.o
         8          4          0          0         96         68   libspace.o
         8          4          0          0          0         68   rt_errno_addr_intlibspace.o
         2          0          0          0          0          0   rtexit.o
        10          0          0          0          0          0   rtexit2.o
        12          4          0          0          0         68   sys_exit.o
        74          0          0          0          0         80   sys_stackheap_outer.o
         2          0          0          0          0         68   use_no_semi.o
       826         16          0          0          0        348   daddsub_clz.o
        16          4          0          0          0         68   dcheck1.o
        24          0          0          0          0         68   dcmpi.o
       688        140          0          0          0        208   ddiv.o
        94          4          0          0          0         92   dfix.o
        84          0          0          0          0        136   dflt_clz.o
       120          4          0          0          0         92   dleqf.o
       340         12          0          0          0        104   dmul.o
       156          4          0          0          0         92   dnaninf.o
        12          0          0          0          0         68   dretinf.o
       108          0          0          0          0         80   drleqf.o
       460         56          0          0          0        120   dsqrt_noumaal.o
       100          0          0          0          0         68   retnan.o
        92          0          0          0          0         68   scalbn.o
        48          0          0          0          0         68   trapv.o
         0          0          0          0          0          0   usenofp.o
       624         52         80          0          0        168   asin.o
       544         70        152          0          0        124   atan.o
       384         38          0          0          0        144   atan2.o
       156          8          0          0          0        104   cos.o
       252         22         48          0          0        124   cos_i.o
        38          6          0          0          0        272   dunder.o
        40          0          0          0          0         68   fpclassify.o
       170          0          0          0          0         96   poly.o
         0          0          8          0          0          0   qnan.o
       904         76        200          0          0        140   rred.o
       160         10          0          0          0        108   sin.o
       236         12         40          0          0        128   sin_i.o
        76          0          0          0          0         84   sqrt.o

    ----------------------------------------------------------------------
      7136        554        528          0        100       3992   Library Totals
        18          0          0          0          4          0   (incl. Padding)

    ----------------------------------------------------------------------

      Code (inc. data)   RO Data    RW Data    ZI Data      Debug   Library Name

       366         20          0          0         96        752   c_w.l
      3168        240          0          0          0       1680   fz_ws.l
      3584        294        528          0          0       1560   m_ws.l

    ----------------------------------------------------------------------
      7136        554        528          0        100       3992   Library Totals

    ----------------------------------------------------------------------

==============================================================================


      Code (inc. data)   RO Data    RW Data    ZI Data      Debug   

     16288       1398        864        408       1656     239137   Grand Totals
     16288       1398        864         48       1656     239137   ELF Image Totals (compressed)
     16288       1398        864         48          0          0   ROM Totals

==============================================================================

    Total RO  Size (Code + RO Data)                17152 (  16.75kB)
    Total RW  Size (RW Data + ZI Data)              2064 (   2.02kB)
    Total ROM Size (Code + RO Data + RW Data)      17200 (  16.80kB)

==============================================================================

